C:\Users\thebe\Documents\GitHub\TMRazor\Crypt\Crypt.vcxproj : warning NU1503: Il ripristino del progetto 'C:\Users\thebe\Documents\GitHub\TMRazor\Crypt\Crypt.vcxproj' verr├á ignorato. Il file di progetto potrebbe essere non valido oppure mancano destinazioni necessarie per il ripristino. [C:\Users\thebe\Documents\GitHub\TMRazor\Razor.sln]
C:\Users\thebe\Documents\GitHub\TMRazor\Loader\Loader.vcxproj : warning NU1503: Il ripristino del progetto 'C:\Users\thebe\Documents\GitHub\TMRazor\Loader\Loader.vcxproj' verr├á ignorato. Il file di progetto potrebbe essere non valido oppure mancano destinazioni necessarie per il ripristino. [C:\Users\thebe\Documents\GitHub\TMRazor\Razor.sln]
  Individuazione dei progetti da ripristinare...
  Nessuna azione. Nessuno dei progetti specificati contiene pacchetti da ripristinare.
C:\Users\thebe\Documents\GitHub\TMRazor\Crypt\Crypt.vcxproj(27,3): error MSB4278: il file importato "$(VCTargetsPath)\Microsoft.Cpp.Default.props" non esiste e sembra far parte di un componente di Visual Studio. Per l'importazione corretta di questo file potrebbe essere richiesto MSBuild.exe ed ├¿ quindi possibile che la compilazione abbia esito negativo nell'interfaccia della riga di comando di dotnet. 
C:\Users\thebe\Documents\GitHub\TMRazor\Loader\Loader.vcxproj(27,3): error MSB4278: il file importato "$(VCTargetsPath)\Microsoft.Cpp.Default.props" non esiste e sembra far parte di un componente di Visual Studio. Per l'importazione corretta di questo file potrebbe essere richiesto MSBuild.exe ed ├¿ quindi possibile che la compilazione abbia esito negativo nell'interfaccia della riga di comando di dotnet. 
C:\Users\thebe\Documents\GitHub\TMRazor\Loader\Loader.vcxproj(27,3): error MSB4278: il file importato "$(VCTargetsPath)\Microsoft.Cpp.Default.props" non esiste e sembra far parte di un componente di Visual Studio. Per l'importazione corretta di questo file potrebbe essere richiesto MSBuild.exe ed ├¿ quindi possibile che la compilazione abbia esito negativo nell'interfaccia della riga di comando di dotnet. 
C:\Users\thebe\Documents\GitHub\TMRazor\Crypt\Crypt.vcxproj(27,3): error MSB4278: il file importato "$(VCTargetsPath)\Microsoft.Cpp.Default.props" non esiste e sembra far parte di un componente di Visual Studio. Per l'importazione corretta di questo file potrebbe essere richiesto MSBuild.exe ed ├¿ quindi possibile che la compilazione abbia esito negativo nell'interfaccia della riga di comando di dotnet. 
C:\Program Files\dotnet\sdk\10.0.103\Microsoft.CSharp.CurrentVersion.targets(130,9): warning MSB3884: il file del set di regole "ManagedMinimumRules.ruleset" non ├¿ stato trovato. [C:\Users\thebe\Documents\GitHub\TMRazor\UltimaSDK\Ultima.csproj]
  Ultima -> C:\Users\thebe\Documents\GitHub\TMRazor\bin\Win32\Debug\Ultima.dll
  FastColoredTextBox -> C:\Users\thebe\Documents\GitHub\TMRazor\bin\Win32\Debug\FastColoredTextBox.dll

Compilazione NON RIUSCITA.

C:\Users\thebe\Documents\GitHub\TMRazor\Crypt\Crypt.vcxproj : warning NU1503: Il ripristino del progetto 'C:\Users\thebe\Documents\GitHub\TMRazor\Crypt\Crypt.vcxproj' verr├á ignorato. Il file di progetto potrebbe essere non valido oppure mancano destinazioni necessarie per il ripristino. [C:\Users\thebe\Documents\GitHub\TMRazor\Razor.sln]
C:\Users\thebe\Documents\GitHub\TMRazor\Loader\Loader.vcxproj : warning NU1503: Il ripristino del progetto 'C:\Users\thebe\Documents\GitHub\TMRazor\Loader\Loader.vcxproj' verr├á ignorato. Il file di progetto potrebbe essere non valido oppure mancano destinazioni necessarie per il ripristino. [C:\Users\thebe\Documents\GitHub\TMRazor\Razor.sln]
C:\Program Files\dotnet\sdk\10.0.103\Microsoft.CSharp.CurrentVersion.targets(130,9): warning MSB3884: il file del set di regole "ManagedMinimumRules.ruleset" non ├¿ stato trovato. [C:\Users\thebe\Documents\GitHub\TMRazor\UltimaSDK\Ultima.csproj]
C:\Users\thebe\Documents\GitHub\TMRazor\Crypt\Crypt.vcxproj(27,3): error MSB4278: il file importato "$(VCTargetsPath)\Microsoft.Cpp.Default.props" non esiste e sembra far parte di un componente di Visual Studio. Per l'importazione corretta di questo file potrebbe essere richiesto MSBuild.exe ed ├¿ quindi possibile che la compilazione abbia esito negativo nell'interfaccia della riga di comando di dotnet. 
C:\Users\thebe\Documents\GitHub\TMRazor\Loader\Loader.vcxproj(27,3): error MSB4278: il file importato "$(VCTargetsPath)\Microsoft.Cpp.Default.props" non esiste e sembra far parte di un componente di Visual Studio. Per l'importazione corretta di questo file potrebbe essere richiesto MSBuild.exe ed ├¿ quindi possibile che la compilazione abbia esito negativo nell'interfaccia della riga di comando di dotnet. 
C:\Users\thebe\Documents\GitHub\TMRazor\Loader\Loader.vcxproj(27,3): error MSB4278: il file importato "$(VCTargetsPath)\Microsoft.Cpp.Default.props" non esiste e sembra far parte di un componente di Visual Studio. Per l'importazione corretta di questo file potrebbe essere richiesto MSBuild.exe ed ├¿ quindi possibile che la compilazione abbia esito negativo nell'interfaccia della riga di comando di dotnet. 
C:\Users\thebe\Documents\GitHub\TMRazor\Crypt\Crypt.vcxproj(27,3): error MSB4278: il file importato "$(VCTargetsPath)\Microsoft.Cpp.Default.props" non esiste e sembra far parte di un componente di Visual Studio. Per l'importazione corretta di questo file potrebbe essere richiesto MSBuild.exe ed ├¿ quindi possibile che la compilazione abbia esito negativo nell'interfaccia della riga di comando di dotnet. 
    Avvisi: 3
    Errori: 4

Tempo trascorso 00:00:00.41
