MSBuild version 18.0.5+e22287bf1 for .NET Framework
Build started 24/02/2026 15:46:23.

Project "c:\Users\fabio.dagostino\Desktop\RazorEnhanced-release-1.0\Razor.sln" on node 1 (Build target(s)).
ValidateSolutionConfiguration:
  Building solution configuration "Release|x86".
ValidateProjects:
  The project "Crypt" is not selected for building in solution configuration "Release|x86".
  The project "Ultima" is not selected for building in solution configuration "Release|x86".
Project "c:\Users\fabio.dagostino\Desktop\RazorEnhanced-release-1.0\Razor.sln" (1) is building "c:\Users\fabio.dagostino\Desktop\RazorEnhanced-release-1.0\Razor\Razor.csproj.metaproj" (2) on node 1 (default targets).
Project "c:\Users\fabio.dagostino\Desktop\RazorEnhanced-release-1.0\Razor\Razor.csproj.metaproj" (2) is building "c:\Users\fabio.dagostino\Desktop\RazorEnhanced-release-1.0\Loader\Loader.vcxproj" (3) on node 1 (default targets).
PrepareForBuild:
  Creating directory "C:\Users\FABIO~1.DAG\AppData\Local\Temp\Razor\Loader\Release\".
C:\Program Files\Microsoft Visual Studio\18\Professional\MSBuild\Microsoft\VC\v180\Microsoft.CppBuild.targets(558,5): warning MSB8029: The Intermediate directory or Output directory cannot reside under the Temporary directory as it could lead to issues with incremental build. [c:\Users\fabio.dagostino\Desktop\RazorEnhanced-release-1.0\Loader\Loader.vcxproj]
  Structured output is enabled. The formatting of compiler diagnostics will reflect the error hierarchy. See https://aka.ms/cpp/structured-output for more details.
  Creating directory "C:\Users\FABIO~1.DAG\AppData\Local\Temp\Razor\Loader\Release\Loader.tlog\".
InitializeBuildStatus:
  Creating "C:\Users\FABIO~1.DAG\AppData\Local\Temp\Razor\Loader\Release\Loader.tlog\unsuccessfulbuild" because "AlwaysCreate" was specified.
  Touching "C:\Users\FABIO~1.DAG\AppData\Local\Temp\Razor\Loader\Release\Loader.tlog\unsuccessfulbuild".
ClCompile:
  C:\Program Files\Microsoft Visual Studio\18\Professional\VC\Tools\MSVC\14.50.35717\bin\HostX86\x86\CL.exe /c /nologo /W3 /WX- /diagnostics:column /O2 /Oy- /D _CRT_SECURE_NO_WARNINGS /D WIN32 /D NDEBUG /D _WINDOWS /D _USRDLL /D LOADER_EXPORTS /D _VC80_UPGRADE=0x0710 /D _WINDLL /D _MBCS /Gm- /EHsc /MT /GS- /fp:precise /Zc:wchar_t /Zc:forScope /Zc:inline /Yc"stdafx.h" /Fp"C:\Users\FABIO~1.DAG\AppData\Local\Temp\Razor\Loader\Release\Loader.pch" /Fo"C:\Users\FABIO~1.DAG\AppData\Local\Temp\Razor\Loader\Release\\" /Fd"C:\Users\FABIO~1.DAG\AppData\Local\Temp\Razor\Loader\Release\vc145.pdb" /external:W3 /Gz /TP /analyze- /FC /errorReport:queue stdafx.cpp
  stdafx.cpp
  C:\Program Files\Microsoft Visual Studio\18\Professional\VC\Tools\MSVC\14.50.35717\bin\HostX86\x86\CL.exe /c /nologo /W3 /WX- /diagnostics:column /O2 /Oy- /D _CRT_SECURE_NO_WARNINGS /D WIN32 /D NDEBUG /D _WINDOWS /D _USRDLL /D LOADER_EXPORTS /D _VC80_UPGRADE=0x0710 /D _WINDLL /D _MBCS /Gm- /EHsc /MT /GS- /fp:precise /Zc:wchar_t /Zc:forScope /Zc:inline /Yu"stdafx.h" /Fp"C:\Users\FABIO~1.DAG\AppData\Local\Temp\Razor\Loader\Release\Loader.pch" /Fo"C:\Users\FABIO~1.DAG\AppData\Local\Temp\Razor\Loader\Release\\" /Fd"C:\Users\FABIO~1.DAG\AppData\Local\Temp\Razor\Loader\Release\vc145.pdb" /external:W3 /Gz /TP /analyze- /FC /errorReport:queue Loader.cpp
  Loader.cpp
ResourceCompile:
  C:\Program Files (x86)\Windows Kits\10\bin\10.0.22621.0\x86\rc.exe /D _VC80_UPGRADE=0x0710 /l"0x0409" /nologo /fo"C:\Users\FABIO~1.DAG\AppData\Local\Temp\Razor\Loader\Release\Loader.res" Loader.rc 
Link:
  C:\Program Files\Microsoft Visual Studio\18\Professional\VC\Tools\MSVC\14.50.35717\bin\HostX86\x86\link.exe /ERRORREPORT:QUEUE /OUT:"c:\Users\fabio.dagostino\Desktop\RazorEnhanced-release-1.0\bin\Win32\Release\Loader.dll" /NOLOGO kernel32.lib user32.lib gdi32.lib winspool.lib comdlg32.lib advapi32.lib shell32.lib ole32.lib oleaut32.lib uuid.lib odbc32.lib odbccp32.lib /DEF:"Loader.def" /MANIFEST /MANIFESTUAC:"level='asInvoker' uiAccess='false'" /manifest:embed /DEBUG /PDB:"c:\Users\fabio.dagostino\Desktop\RazorEnhanced-release-1.0\bin\Win32\Release\Loader.pdb" /SUBSYSTEM:WINDOWS /OPT:REF /TLBID:1 /DYNAMICBASE /NXCOMPAT /IMPLIB:"c:\Users\fabio.dagostino\Desktop\RazorEnhanced-release-1.0\bin\Win32\Release\Loader.lib" /MACHINE:X86 /SAFESEH /DLL "C:\Users\FABIO~1.DAG\AppData\Local\Temp\Razor\Loader\Release\Loader.res"
  "C:\Users\FABIO~1.DAG\AppData\Local\Temp\Razor\Loader\Release\Loader.obj"
  "C:\Users\FABIO~1.DAG\AppData\Local\Temp\Razor\Loader\Release\stdafx.obj"
     Creating library c:\Users\fabio.dagostino\Desktop\RazorEnhanced-release-1.0\bin\Win32\Release\Loader.lib and object c:\Users\fabio.dagostino\Desktop\RazorEnhanced-release-1.0\bin\Win32\Release\Loader.exp
  Loader.vcxproj -> c:\Users\fabio.dagostino\Desktop\RazorEnhanced-release-1.0\bin\Win32\Release\Loader.dll
FinalizeBuildStatus:
  Deleting file "C:\Users\FABIO~1.DAG\AppData\Local\Temp\Razor\Loader\Release\Loader.tlog\unsuccessfulbuild".
  Touching "C:\Users\FABIO~1.DAG\AppData\Local\Temp\Razor\Loader\Release\Loader.tlog\Loader.lastbuildstate".
Done Building Project "c:\Users\fabio.dagostino\Desktop\RazorEnhanced-release-1.0\Loader\Loader.vcxproj" (default targets).
Project "c:\Users\fabio.dagostino\Desktop\RazorEnhanced-release-1.0\Razor\Razor.csproj.metaproj" (2) is building "c:\Users\fabio.dagostino\Desktop\RazorEnhanced-release-1.0\Razor\Razor.csproj" (4) on node 1 (default targets).
Project "c:\Users\fabio.dagostino\Desktop\RazorEnhanced-release-1.0\Razor\Razor.csproj" (4) is building "c:\Users\fabio.dagostino\Desktop\RazorEnhanced-release-1.0\FastColoredTextBox\FastColoredTextBox.csproj" (5:2) on node 1 (default targets).
CoreResGen:
  No resources are out of date with respect to their source files. Skipping resource generation.
GenerateTargetFrameworkMonikerAttribute:
Skipping target "GenerateTargetFrameworkMonikerAttribute" because all output files are up-to-date with respect to the input files.
CoreCompile:
Skipping target "CoreCompile" because all output files are up-to-date with respect to the input files.
CopyFilesToOutputDirectory:
  FastColoredTextBox -> c:\Users\fabio.dagostino\Desktop\RazorEnhanced-release-1.0\bin\Win32\Release\FastColoredTextBox.dll
Done Building Project "c:\Users\fabio.dagostino\Desktop\RazorEnhanced-release-1.0\FastColoredTextBox\FastColoredTextBox.csproj" (default targets).
C:\Program Files\Microsoft Visual Studio\18\Professional\MSBuild\Current\Bin\Microsoft.Common.CurrentVersion.targets(2437,5): warning MSB3270: There was a mismatch between the processor architecture of the project being built "x86" and the processor architecture of the reference "cuoapi, Version=1.3.0.0, Culture=neutral, processorArchitecture=AMD64", "AMD64". This mismatch may cause runtime failures. Please consider changing the targeted processor architecture of your project through the Configuration Manager so as to align the processor architectures between your project and references, or take a dependency on references with a processor architecture that matches the targeted processor architecture of your project. [c:\Users\fabio.dagostino\Desktop\RazorEnhanced-release-1.0\Razor\Razor.csproj]
CoreResGen:
  Processing resource file "Properties\Resources.resx" into "C:\Users\FABIO~1.DAG\AppData\Local\Temp\Razor\Razor\Release\Assistant.Properties.Resources.resources".
  Processing resource file "RazorEnhanced\UI\RE_MessageBox.resx" into "C:\Users\FABIO~1.DAG\AppData\Local\Temp\Razor\Razor\Release\RazorEnhanced.UI.RE_MessageBox.resources".
  Processing resource file "RazorEnhanced\UI\EnhancedAgentAddList.resx" into "C:\Users\FABIO~1.DAG\AppData\Local\Temp\Razor\Razor\Release\RazorEnhanced.UI.EnhancedAgentAddList.resources".
  Processing resource file "RazorEnhanced\UI\EnhancedChangeLog.resx" into "C:\Users\FABIO~1.DAG\AppData\Local\Temp\Razor\Razor\Release\RazorEnhanced.UI.EnhancedChangeLog.resources".
  Processing resource file "RazorEnhanced\UI\EnhancedFriendAddGuildManual.resx" into "C:\Users\FABIO~1.DAG\AppData\Local\Temp\Razor\Razor\Release\RazorEnhanced.UI.EnhancedFriendAddGuildManual.resources".
  Processing resource file "RazorEnhanced\UI\EnhancedObjectInspector.resx" into "C:\Users\FABIO~1.DAG\AppData\Local\Temp\Razor\Razor\Release\RazorEnhanced.UI.EnhancedObjectInspector.resources".
  Processing resource file "RazorEnhanced\UI\EnhancedStaticInspector.resx" into "C:\Users\FABIO~1.DAG\AppData\Local\Temp\Razor\Razor\Release\RazorEnhanced.UI.EnhancedStaticInspector.resources".
  Processing resource file "RazorEnhanced\UI\EnhancedProfileClone.resx" into "C:\Users\FABIO~1.DAG\AppData\Local\Temp\Razor\Razor\Release\RazorEnhanced.UI.EnhancedProfileClone.resources".
  Processing resource file "RazorEnhanced\UI\EnhancedProfileRename.resx" into "C:\Users\FABIO~1.DAG\AppData\Local\Temp\Razor\Razor\Release\RazorEnhanced.UI.EnhancedProfileRename.resources".
  Processing resource file "RazorEnhanced\UI\EnhancedProfileAdd.resx" into "C:\Users\FABIO~1.DAG\AppData\Local\Temp\Razor\Razor\Release\RazorEnhanced.UI.EnhancedProfileAdd.resources".
  Processing resource file "RazorEnhanced\UI\EnhancedAutolootEditItemProps.resx" into "C:\Users\FABIO~1.DAG\AppData\Local\Temp\Razor\Razor\Release\RazorEnhanced.UI.EnhancedAutolootEditItemProps.resources".
  Processing resource file "RazorEnhanced\UI\EnhancedFriendAddPlayerManual.resx" into "C:\Users\FABIO~1.DAG\AppData\Local\Temp\Razor\Razor\Release\RazorEnhanced.UI.EnhancedFriendAddPlayerManual.resources".
  Processing resource file "RazorEnhanced\UI\EnhancedDressAddUndressLayer.resx" into "C:\Users\FABIO~1.DAG\AppData\Local\Temp\Razor\Razor\Release\RazorEnhanced.UI.EnhancedDressAddUndressLayer.resources".
  Processing resource file "RazorEnhanced\UI\EnhancedGumpInspector.resx" into "C:\Users\FABIO~1.DAG\AppData\Local\Temp\Razor\Razor\Release\RazorEnhanced.UI.EnhancedGumpInspector.resources".
  Processing resource file "RazorEnhanced\UI\EnhancedLauncher.resx" into "C:\Users\FABIO~1.DAG\AppData\Local\Temp\Razor\Razor\Release\RazorEnhanced.UI.EnhancedLauncher.resources".
  Processing resource file "RazorEnhanced\UI\EnhancedScavengerEditItemProps.resx" into "C:\Users\FABIO~1.DAG\AppData\Local\Temp\Razor\Razor\Release\RazorEnhanced.UI.EnhancedScavengerEditItemProps.resources".
  Processing resource file "RazorEnhanced\UI\EnhancedItemInspector.resx" into "C:\Users\FABIO~1.DAG\AppData\Local\Temp\Razor\Razor\Release\RazorEnhanced.UI.EnhancedItemInspector.resources".
  Processing resource file "RazorEnhanced\UI\EnhancedMobileInspector.resx" into "C:\Users\FABIO~1.DAG\AppData\Local\Temp\Razor\Razor\Release\RazorEnhanced.UI.EnhancedMobileInspector.resources".
  Processing resource file "RazorEnhanced\UI\Strings.resx" into "C:\Users\FABIO~1.DAG\AppData\Local\Temp\Razor\Razor\Release\Assistant.RazorEnhanced.UI.Strings.resources".
  Processing resource file "RazorEnhanced\UI\EnhancedScriptEditor.resx" into "C:\Users\FABIO~1.DAG\AppData\Local\Temp\Razor\Razor\Release\RazorEnhanced.UI.EnhancedScriptEditor.resources".
  Processing resource file "UI\HueEntry.resx" into "C:\Users\FABIO~1.DAG\AppData\Local\Temp\Razor\Razor\Release\Assistant.HueEntry.resources".
  Processing resource file "UI\Razor.resx" into "C:\Users\FABIO~1.DAG\AppData\Local\Temp\Razor\Razor\Release\Assistant.MainForm.resources".
  Processing resource file "UI\SplashScreen.resx" into "C:\Users\FABIO~1.DAG\AppData\Local\Temp\Razor\Razor\Release\Assistant.SplashScreen.resources".
  Processing resource file "RazorEnhanced\UI\Strings.it.resx" into "C:\Users\FABIO~1.DAG\AppData\Local\Temp\Razor\Razor\Release\Assistant.RazorEnhanced.UI.Strings.it.resources".
CoreCompile:
  Setting DOTNET_ROOT to 'C:\Program Files\dotnet'
  C:\Program Files\Microsoft Visual Studio\18\Professional\MSBuild\Current\Bin\Roslyn\csc.exe /noconfig /unsafe+ /nowarn:CS8618,CS8619,CS8625,CS8600,CS8601,CS8602,CS8603,CS8604,CS1591,1701,1702 /fullpaths /nostdlib+ /platform:x86 /errorreport:prompt /baseaddress:285212672 /define:TRACE /main:Assistant.Engine /highentropyva+ /nullable:disable /reference:c:\Users\fabio.dagostino\Desktop\RazorEnhanced-release-1.0\packages\Accord.Controls.Imaging.3.8.0\lib\net462\Accord.Controls.Imaging.dll /reference:c:\Users\fabio.dagostino\Desktop\RazorEnhanced-release-1.0\packages\Accord.3.8.0\lib\net462\Accord.dll /reference:c:\Users\fabio.dagostino\Desktop\RazorEnhanced-release-1.0\packages\Accord.Imaging.3.8.0\lib\net462\Accord.Imaging.dll /reference:c:\Users\fabio.dagostino\Desktop\RazorEnhanced-release-1.0\packages\Accord.Math.3.8.0\lib\net462\Accord.Math.Core.dll /reference:c:\Users\fabio.dagostino\Desktop\RazorEnhanced-release-1.0\packages\Accord.Math.3.8.0\lib\net462\Accord.Math.dll /reference:c:\Users\fabio.dagostino\Desktop\RazorEnhanced-release-1.0\packages\Accord.Statistics.3.8.0\lib\net462\Accord.Statistics.dll /reference:c:\Users\fabio.dagostino\Desktop\RazorEnhanced-release-1.0\packages\Accord.Video.DirectShow.3.8.0\lib\net462\Accord.Video.DirectShow.dll /reference:c:\Users\fabio.dagostino\Desktop\RazorEnhanced-release-1.0\packages\Accord.Video.3.8.0\lib\net462\Accord.Video.dll /reference:c:\Users\fabio.dagostino\Desktop\RazorEnhanced-release-1.0\packages\Accord.Video.FFMPEG.3.8.0\lib\net462\Accord.Video.FFMPEG.dll /reference:c:\Users\fabio.dagostino\Desktop\RazorEnhanced-release-1.0\packages\Autoupdater.NET.Official.1.9.2\lib\net462\AutoUpdater.NET.dll /reference:c:\Users\fabio.dagostino\Desktop\RazorEnhanced-release-1.0\packages\ConcurrentHashSet.1.3.0\lib\net461\ConcurrentCollections.dll /reference:c:\Users\fabio.dagostino\Desktop\RazorEnhanced-release-1.0\packages\Consul.1.7.14.7\lib\net461\Consul.dll /reference:c:\Users\fabio.dagostino\Desktop\RazorEnhanced-release-1.0\packages\CrashReporter.NET.Official.1.6.0\lib\net462\CrashReporter.NET.dll /reference:c:\Users\fabio.dagostino\Desktop\RazorEnhanced-release-1.0\Razor\cuoapi.dll /reference:c:\Users\fabio.dagostino\Desktop\RazorEnhanced-release-1.0\bin\Win32\Release\FastColoredTextBox.dll /reference:c:\Users\fabio.dagostino\Desktop\RazorEnhanced-release-1.0\packages\Google.Protobuf.3.29.3\lib\net45\Google.Protobuf.dll /reference:c:\Users\fabio.dagostino\Desktop\RazorEnhanced-release-1.0\packages\Grpc.Core.Api.2.37.1\lib\net45\Grpc.Core.Api.dll /reference:c:\Users\fabio.dagostino\Desktop\RazorEnhanced-release-1.0\packages\Grpc.Core.2.37.1\lib\net45\Grpc.Core.dll /reference:c:\Users\fabio.dagostino\Desktop\RazorEnhanced-release-1.0\packages\HtmlAgilityPack.1.11.73\lib\Net45\HtmlAgilityPack.dll /reference:c:\Users\fabio.dagostino\Desktop\RazorEnhanced-release-1.0\packages\IronPython.3.4.2\lib\net462\IronPython.dll /reference:c:\Users\fabio.dagostino\Desktop\RazorEnhanced-release-1.0\packages\IronPython.3.4.2\lib\net462\IronPython.Modules.dll /reference:c:\Users\fabio.dagostino\Desktop\RazorEnhanced-release-1.0\packages\IronPython.3.4.2\lib\net462\IronPython.SQLite.dll /reference:c:\Users\fabio.dagostino\Desktop\RazorEnhanced-release-1.0\packages\IronPython.3.4.2\lib\net462\IronPython.Wpf.dll /reference:c:\Users\fabio.dagostino\Desktop\RazorEnhanced-release-1.0\packages\Microsoft.Bcl.AsyncInterfaces.9.0.2\lib\net462\Microsoft.Bcl.AsyncInterfaces.dll /reference:c:\Users\fabio.dagostino\Desktop\RazorEnhanced-release-1.0\packages\Microsoft.CodeAnalysis.CSharp.4.13.0\lib\netstandard2.0\Microsoft.CodeAnalysis.CSharp.dll /reference:c:\Users\fabio.dagostino\Desktop\RazorEnhanced-release-1.0\packages\Microsoft.CodeAnalysis.Common.4.13.0\lib\netstandard2.0\Microsoft.CodeAnalysis.dll /reference:c:\Users\fabio.dagostino\Desktop\RazorEnhanced-release-1.0\packages\Microsoft.CodeDom.Providers.DotNetCompilerPlatform.4.1.0\lib\net472\Microsoft.CodeDom.Providers.DotNetCompilerPlatform.dll /reference:"C:\Program Files (x86)\Reference Assemblies\Microsoft\Framework\.NETFramework\v4.7.2\Microsoft.CSharp.dll" /reference:c:\Users\fabio.dagostino\Desktop\RazorEnhanced-release-1.0\packages\DynamicLanguageRuntime.1.3.5\lib\net462\Microsoft.Dynamic.dll /reference:c:\Users\fabio.dagostino\Desktop\RazorEnhanced-release-1.0\packages\Microsoft.Extensions.Configuration.Abstractions.9.0.2\lib\net462\Microsoft.Extensions.Configuration.Abstractions.dll /reference:c:\Users\fabio.dagostino\Desktop\RazorEnhanced-release-1.0\packages\Microsoft.Extensions.Configuration.Binder.9.0.2\lib\net462\Microsoft.Extensions.Configuration.Binder.dll /reference:c:\Users\fabio.dagostino\Desktop\RazorEnhanced-release-1.0\packages\Microsoft.Extensions.Configuration.9.0.2\lib\net462\Microsoft.Extensions.Configuration.dll /reference:c:\Users\fabio.dagostino\Desktop\RazorEnhanced-release-1.0\packages\Microsoft.Extensions.Configuration.EnvironmentVariables.9.0.2\lib\net462\Microsoft.Extensions.Configuration.EnvironmentVariables.dll /reference:c:\Users\fabio.dagostino\Desktop\RazorEnhanced-release-1.0\packages\Microsoft.Extensions.Configuration.FileExtensions.9.0.2\lib\net462\Microsoft.Extensions.Configuration.FileExtensions.dll /reference:c:\Users\fabio.dagostino\Desktop\RazorEnhanced-release-1.0\packages\Microsoft.Extensions.Configuration.Json.9.0.2\lib\net462\Microsoft.Extensions.Configuration.Json.dll /reference:c:\Users\fabio.dagostino\Desktop\RazorEnhanced-release-1.0\packages\Microsoft.Extensions.DependencyInjection.Abstractions.9.0.2\lib\net462\Microsoft.Extensions.DependencyInjection.Abstractions.dll /reference:c:\Users\fabio.dagostino\Desktop\RazorEnhanced-release-1.0\packages\Microsoft.Extensions.FileProviders.Abstractions.9.0.2\lib\net462\Microsoft.Extensions.FileProviders.Abstractions.dll /reference:c:\Users\fabio.dagostino\Desktop\RazorEnhanced-release-1.0\packages\Microsoft.Extensions.FileProviders.Physical.9.0.2\lib\net462\Microsoft.Extensions.FileProviders.Physical.dll /reference:c:\Users\fabio.dagostino\Desktop\RazorEnhanced-release-1.0\packages\Microsoft.Extensions.FileSystemGlobbing.9.0.2\lib\net462\Microsoft.Extensions.FileSystemGlobbing.dll /reference:c:\Users\fabio.dagostino\Desktop\RazorEnhanced-release-1.0\packages\Microsoft.Extensions.Options.ConfigurationExtensions.9.0.2\lib\net462\Microsoft.Extensions.Options.ConfigurationExtensions.dll /reference:c:\Users\fabio.dagostino\Desktop\RazorEnhanced-release-1.0\packages\Microsoft.Extensions.Options.9.0.2\lib\net462\Microsoft.Extensions.Options.dll /reference:c:\Users\fabio.dagostino\Desktop\RazorEnhanced-release-1.0\packages\Microsoft.Extensions.Primitives.9.0.2\lib\net462\Microsoft.Extensions.Primitives.dll /reference:c:\Users\fabio.dagostino\Desktop\RazorEnhanced-release-1.0\packages\DynamicLanguageRuntime.1.3.5\lib\net462\Microsoft.Scripting.dll /reference:c:\Users\fabio.dagostino\Desktop\RazorEnhanced-release-1.0\packages\DynamicLanguageRuntime.1.3.5\lib\net462\Microsoft.Scripting.Metadata.dll /reference:c:\Users\fabio.dagostino\Desktop\RazorEnhanced-release-1.0\packages\Microsoft.Web.WebView2.1.0.3065.39\lib\net462\Microsoft.Web.WebView2.Core.dll /reference:c:\Users\fabio.dagostino\Desktop\RazorEnhanced-release-1.0\packages\Microsoft.Web.WebView2.1.0.3065.39\lib\net462\Microsoft.Web.WebView2.WinForms.dll /reference:c:\Users\fabio.dagostino\Desktop\RazorEnhanced-release-1.0\packages\Microsoft.Web.WebView2.1.0.3065.39\lib\net462\Microsoft.Web.WebView2.Wpf.dll /reference:c:\Users\fabio.dagostino\Desktop\RazorEnhanced-release-1.0\packages\Mono.Options.6.12.0.148\lib\net40\Mono.Options.dll /reference:"C:\Program Files (x86)\Reference Assemblies\Microsoft\Framework\.NETFramework\v4.7.2\mscorlib.dll" /reference:c:\Users\fabio.dagostino\Desktop\RazorEnhanced-release-1.0\packages\Newtonsoft.Json.13.0.3\lib\net45\Newtonsoft.Json.dll /reference:c:\Users\fabio.dagostino\Desktop\RazorEnhanced-release-1.0\packages\NLog.5.4.0\lib\net46\NLog.dll /reference:"C:\Program Files (x86)\Reference Assemblies\Microsoft\Framework\.NETFramework\v4.7.2\PresentationFramework.dll" /reference:c:\Users\fabio.dagostino\Desktop\RazorEnhanced-release-1.0\packages\System.Buffers.4.6.0\lib\net462\System.Buffers.dll /reference:c:\Users\fabio.dagostino\Desktop\RazorEnhanced-release-1.0\packages\System.Collections.Immutable.9.0.2\lib\net462\System.Collections.Immutable.dll /reference:c:\Users\fabio.dagostino\Desktop\RazorEnhanced-release-1.0\packages\System.ComponentModel.Annotations.5.0.0\lib\net461\System.ComponentModel.Annotations.dll /reference:"C:\Program Files (x86)\Reference Assemblies\Microsoft\Framework\.NETFramework\v4.7.2\System.ComponentModel.Composition.dll" /reference:"C:\Program Files (x86)\Reference Assemblies\Microsoft\Framework\.NETFramework\v4.7.2\System.ComponentModel.DataAnnotations.dll" /reference:"C:\Program Files (x86)\Reference Assemblies\Microsoft\Framework\.NETFramework\v4.7.2\System.Configuration.dll" /reference:"C:\Program Files (x86)\Reference Assemblies\Microsoft\Framework\.NETFramework\v4.7.2\System.Core.dll" /reference:"C:\Program Files (x86)\Reference Assemblies\Microsoft\Framework\.NETFramework\v4.7.2\System.Data.DataSetExtensions.dll" /reference:"C:\Program Files (x86)\Reference Assemblies\Microsoft\Framework\.NETFramework\v4.7.2\System.Data.dll" /reference:c:\Users\fabio.dagostino\Desktop\RazorEnhanced-release-1.0\packages\FrameworkExtract.System.Deployment.4.0.30319\lib\netstandard2.0\System.Deployment.dll /reference:"C:\Program Files (x86)\Reference Assemblies\Microsoft\Framework\.NETFramework\v4.7.2\System.Design.dll" /reference:"C:\Program Files (x86)\Reference Assemblies\Microsoft\Framework\.NETFramework\v4.7.2\System.DirectoryServices.dll" /reference:"C:\Program Files (x86)\Reference Assemblies\Microsoft\Framework\.NETFramework\v4.7.2\System.dll" /reference:"C:\Program Files (x86)\Reference Assemblies\Microsoft\Framework\.NETFramework\v4.7.2\System.Drawing.dll" /reference:"C:\Program Files (x86)\Reference Assemblies\Microsoft\Framework\.NETFramework\v4.7.2\System.IO.Compression.dll" /reference:c:\Users\fabio.dagostino\Desktop\RazorEnhanced-release-1.0\packages\System.IO.Pipelines.9.0.2\lib\net462\System.IO.Pipelines.dll /reference:"C:\Program Files (x86)\Reference Assemblies\Microsoft\Framework\.NETFramework\v4.7.2\System.Management.dll" /reference:c:\Users\fabio.dagostino\Desktop\RazorEnhanced-release-1.0\packages\System.Memory.4.6.0\lib\net462\System.Memory.dll /reference:"C:\Program Files (x86)\Reference Assemblies\Microsoft\Framework\.NETFramework\v4.7.2\System.Net.Http.dll" /reference:"C:\Program Files (x86)\Reference Assemblies\Microsoft\Framework\.NETFramework\v4.7.2\System.Net.Http.WebRequest.dll" /reference:"C:\Program Files (x86)\Reference Assemblies\Microsoft\Framework\.NETFramework\v4.7.2\System.Numerics.dll" /reference:c:\Users\fabio.dagostino\Desktop\RazorEnhanced-release-1.0\packages\System.Numerics.Vectors.4.6.0\lib\net462\System.Numerics.Vectors.dll /reference:c:\Users\fabio.dagostino\Desktop\RazorEnhanced-release-1.0\packages\System.Reflection.Metadata.9.0.2\lib\net462\System.Reflection.Metadata.dll /reference:c:\Users\fabio.dagostino\Desktop\RazorEnhanced-release-1.0\packages\System.Runtime.CompilerServices.Unsafe.6.1.0\lib\net462\System.Runtime.CompilerServices.Unsafe.dll /reference:"C:\Program Files (x86)\Reference Assemblies\Microsoft\Framework\.NETFramework\v4.7.2\Facades\System.Runtime.dll" /reference:"C:\Program Files (x86)\Reference Assemblies\Microsoft\Framework\.NETFramework\v4.7.2\Facades\System.Runtime.Extensions.dll" /reference:"C:\Program Files (x86)\Reference Assemblies\Microsoft\Framework\.NETFramework\v4.7.2\Facades\System.Runtime.InteropServices.RuntimeInformation.dll" /reference:"C:\Program Files (x86)\Reference Assemblies\Microsoft\Framework\.NETFramework\v4.7.2\System.Runtime.Serialization.dll" /reference:"C:\Program Files (x86)\Reference Assemblies\Microsoft\Framework\.NETFramework\v4.7.2\Facades\System.Security.Cryptography.Algorithms.dll" /reference:"C:\Program Files (x86)\Reference Assemblies\Microsoft\Framework\.NETFramework\v4.7.2\Facades\System.Security.Cryptography.Encoding.dll" /reference:"C:\Program Files (x86)\Reference Assemblies\Microsoft\Framework\.NETFramework\v4.7.2\Facades\System.Security.Cryptography.Primitives.dll" /reference:"C:\Program Files (x86)\Reference Assemblies\Microsoft\Framework\.NETFramework\v4.7.2\Facades\System.Security.Cryptography.X509Certificates.dll" /reference:c:\Users\fabio.dagostino\Desktop\RazorEnhanced-release-1.0\packages\System.Text.Encoding.CodePages.9.0.2\lib\net462\System.Text.Encoding.CodePages.dll /reference:c:\Users\fabio.dagostino\Desktop\RazorEnhanced-release-1.0\packages\System.Text.Encodings.Web.9.0.2\lib\net462\System.Text.Encodings.Web.dll /reference:c:\Users\fabio.dagostino\Desktop\RazorEnhanced-release-1.0\packages\System.Text.Json.9.0.2\lib\net462\System.Text.Json.dll /reference:"C:\Program Files (x86)\Reference Assemblies\Microsoft\Framework\.NETFramework\v4.7.2\Facades\System.Text.RegularExpressions.dll" /reference:c:\Users\fabio.dagostino\Desktop\RazorEnhanced-release-1.0\packages\System.Threading.Tasks.Extensions.4.6.0\lib\net462\System.Threading.Tasks.Extensions.dll /reference:c:\Users\fabio.dagostino\Desktop\RazorEnhanced-release-1.0\packages\System.ValueTuple.4.5.0\lib\net47\System.ValueTuple.dll /reference:"C:\Program Files (x86)\Reference Assemblies\Microsoft\Framework\.NETFramework\v4.7.2\System.Web.dll" /reference:"C:\Program Files (x86)\Reference Assemblies\Microsoft\Framework\.NETFramework\v4.7.2\System.Windows.Forms.dll" /reference:"C:\Program Files (x86)\Reference Assemblies\Microsoft\Framework\.NETFramework\v4.7.2\System.Xaml.dll" /reference:"C:\Program Files (x86)\Reference Assemblies\Microsoft\Framework\.NETFramework\v4.7.2\System.Xml.dll" /reference:"C:\Program Files (x86)\Reference Assemblies\Microsoft\Framework\.NETFramework\v4.7.2\System.Xml.Linq.dll" /reference:"C:\Program Files (x86)\Reference Assemblies\Microsoft\Framework\.NETFramework\v4.7.2\Facades\System.Xml.ReaderWriter.dll" /reference:c:\Users\fabio.dagostino\Desktop\RazorEnhanced-release-1.0\packages\WebSocketSharp-netstandard.1.0.1\lib\net45\websocket-sharp.dll /reference:"C:\Program Files (x86)\Reference Assemblies\Microsoft\Framework\.NETFramework\v4.7.2\WindowsBase.dll" /reference:"C:\Program Files (x86)\Reference Assemblies\Microsoft\Framework\.NETFramework\v4.7.2\Facades\Microsoft.Win32.Primitives.dll" /reference:"C:\Program Files (x86)\Reference Assemblies\Microsoft\Framework\.NETFramework\v4.7.2\Facades\netstandard.dll" /reference:"C:\Program Files (x86)\Reference Assemblies\Microsoft\Framework\.NETFramework\v4.7.2\Facades\System.AppContext.dll" /reference:"C:\Program Files (x86)\Reference Assemblies\Microsoft\Framework\.NETFramework\v4.7.2\Facades\System.Collections.Concurrent.dll" /reference:"C:\Program Files (x86)\Reference Assemblies\Microsoft\Framework\.NETFramework\v4.7.2\Facades\System.Collections.dll" /reference:"C:\Program Files (x86)\Reference Assemblies\Microsoft\Framework\.NETFramework\v4.7.2\Facades\System.Collections.NonGeneric.dll" /reference:"C:\Program Files (x86)\Reference Assemblies\Microsoft\Framework\.NETFramework\v4.7.2\Facades\System.Collections.Specialized.dll" /reference:"C:\Program Files (x86)\Reference Assemblies\Microsoft\Framework\.NETFramework\v4.7.2\Facades\System.ComponentModel.dll" /reference:"C:\Program Files (x86)\Reference Assemblies\Microsoft\Framework\.NETFramework\v4.7.2\Facades\System.ComponentModel.EventBasedAsync.dll" /reference:"C:\Program Files (x86)\Reference Assemblies\Microsoft\Framework\.NETFramework\v4.7.2\Facades\System.ComponentModel.Primitives.dll" /reference:"C:\Program Files (x86)\Reference Assemblies\Microsoft\Framework\.NETFramework\v4.7.2\Facades\System.ComponentModel.TypeConverter.dll" /reference:"C:\Program Files (x86)\Reference Assemblies\Microsoft\Framework\.NETFramework\v4.7.2\Facades\System.Console.dll" /reference:"C:\Program Files (x86)\Reference Assemblies\Microsoft\Framework\.NETFramework\v4.7.2\Facades\System.Data.Common.dll" /reference:"C:\Program Files (x86)\Reference Assemblies\Microsoft\Framework\.NETFramework\v4.7.2\Facades\System.Diagnostics.Contracts.dll" /reference:"C:\Program Files (x86)\Reference Assemblies\Microsoft\Framework\.NETFramework\v4.7.2\Facades\System.Diagnostics.Debug.dll" /reference:"C:\Program Files (x86)\Reference Assemblies\Microsoft\Framework\.NETFramework\v4.7.2\Facades\System.Diagnostics.FileVersionInfo.dll" /reference:"C:\Program Files (x86)\Reference Assemblies\Microsoft\Framework\.NETFramework\v4.7.2\Facades\System.Diagnostics.Process.dll" /reference:"C:\Program Files (x86)\Reference Assemblies\Microsoft\Framework\.NETFramework\v4.7.2\Facades\System.Diagnostics.StackTrace.dll" /reference:"C:\Program Files (x86)\Reference Assemblies\Microsoft\Framework\.NETFramework\v4.7.2\Facades\System.Diagnostics.TextWriterTraceListener.dll" /reference:"C:\Program Files (x86)\Reference Assemblies\Microsoft\Framework\.NETFramework\v4.7.2\Facades\System.Diagnostics.Tools.dll" /reference:"C:\Program Files (x86)\Reference Assemblies\Microsoft\Framework\.NETFramework\v4.7.2\Facades\System.Diagnostics.TraceSource.dll" /reference:"C:\Program Files (x86)\Reference Assemblies\Microsoft\Framework\.NETFramework\v4.7.2\Facades\System.Drawing.Primitives.dll" /reference:"C:\Program Files (x86)\Reference Assemblies\Microsoft\Framework\.NETFramework\v4.7.2\Facades\System.Dynamic.Runtime.dll" /reference:"C:\Program Files (x86)\Reference Assemblies\Microsoft\Framework\.NETFramework\v4.7.2\Facades\System.Globalization.Calendars.dll" /reference:"C:\Program Files (x86)\Reference Assemblies\Microsoft\Framework\.NETFramework\v4.7.2\Facades\System.Globalization.dll" /reference:"C:\Program Files (x86)\Reference Assemblies\Microsoft\Framework\.NETFramework\v4.7.2\Facades\System.Globalization.Extensions.dll" /reference:"C:\Program Files (x86)\Reference Assemblies\Microsoft\Framework\.NETFramework\v4.7.2\Facades\System.IO.Compression.ZipFile.dll" /reference:"C:\Program Files (x86)\Reference Assemblies\Microsoft\Framework\.NETFramework\v4.7.2\Facades\System.IO.dll" /reference:"C:\Program Files (x86)\Reference Assemblies\Microsoft\Framework\.NETFramework\v4.7.2\Facades\System.IO.FileSystem.dll" /reference:"C:\Program Files (x86)\Reference Assemblies\Microsoft\Framework\.NETFramework\v4.7.2\Facades\System.IO.FileSystem.DriveInfo.dll" /reference:"C:\Program Files (x86)\Reference Assemblies\Microsoft\Framework\.NETFramework\v4.7.2\Facades\System.IO.FileSystem.Primitives.dll" /reference:"C:\Program Files (x86)\Reference Assemblies\Microsoft\Framework\.NETFramework\v4.7.2\Facades\System.IO.FileSystem.Watcher.dll" /reference:"C:\Program Files (x86)\Reference Assemblies\Microsoft\Framework\.NETFramework\v4.7.2\Facades\System.IO.IsolatedStorage.dll" /reference:"C:\Program Files (x86)\Reference Assemblies\Microsoft\Framework\.NETFramework\v4.7.2\Facades\System.IO.MemoryMappedFiles.dll" /reference:"C:\Program Files (x86)\Reference Assemblies\Microsoft\Framework\.NETFramework\v4.7.2\Facades\System.IO.Pipes.dll" /reference:"C:\Program Files (x86)\Reference Assemblies\Microsoft\Framework\.NETFramework\v4.7.2\Facades\System.IO.UnmanagedMemoryStream.dll" /reference:"C:\Program Files (x86)\Reference Assemblies\Microsoft\Framework\.NETFramework\v4.7.2\Facades\System.Linq.dll" /reference:"C:\Program Files (x86)\Reference Assemblies\Microsoft\Framework\.NETFramework\v4.7.2\Facades\System.Linq.Expressions.dll" /reference:"C:\Program Files (x86)\Reference Assemblies\Microsoft\Framework\.NETFramework\v4.7.2\Facades\System.Linq.Parallel.dll" /reference:"C:\Program Files (x86)\Reference Assemblies\Microsoft\Framework\.NETFramework\v4.7.2\Facades\System.Linq.Queryable.dll" /reference:"C:\Program Files (x86)\Reference Assemblies\Microsoft\Framework\.NETFramework\v4.7.2\Facades\System.Net.Http.Rtc.dll" /reference:"C:\Program Files (x86)\Reference Assemblies\Microsoft\Framework\.NETFramework\v4.7.2\Facades\System.Net.NameResolution.dll" /reference:"C:\Program Files (x86)\Reference Assemblies\Microsoft\Framework\.NETFramework\v4.7.2\Facades\System.Net.NetworkInformation.dll" /reference:"C:\Program Files (x86)\Reference Assemblies\Microsoft\Framework\.NETFramework\v4.7.2\Facades\System.Net.Ping.dll" /reference:"C:\Program Files (x86)\Reference Assemblies\Microsoft\Framework\.NETFramework\v4.7.2\Facades\System.Net.Primitives.dll" /reference:"C:\Program Files (x86)\Reference Assemblies\Microsoft\Framework\.NETFramework\v4.7.2\Facades\System.Net.Requests.dll" /reference:"C:\Program Files (x86)\Reference Assemblies\Microsoft\Framework\.NETFramework\v4.7.2\Facades\System.Net.Security.dll" /reference:"C:\Program Files (x86)\Reference Assemblies\Microsoft\Framework\.NETFramework\v4.7.2\Facades\System.Net.Sockets.dll" /reference:"C:\Program Files (x86)\Reference Assemblies\Microsoft\Framework\.NETFramework\v4.7.2\Facades\System.Net.WebHeaderCollection.dll" /reference:"C:\Program Files (x86)\Reference Assemblies\Microsoft\Framework\.NETFramework\v4.7.2\Facades\System.Net.WebSockets.Client.dll" /reference:"C:\Program Files (x86)\Reference Assemblies\Microsoft\Framework\.NETFramework\v4.7.2\Facades\System.Net.WebSockets.dll" /reference:"C:\Program Files (x86)\Reference Assemblies\Microsoft\Framework\.NETFramework\v4.7.2\Facades\System.ObjectModel.dll" /reference:"C:\Program Files (x86)\Reference Assemblies\Microsoft\Framework\.NETFramework\v4.7.2\Facades\System.Reflection.dll" /reference:"C:\Program Files (x86)\Reference Assemblies\Microsoft\Framework\.NETFramework\v4.7.2\Facades\System.Reflection.Emit.dll" /reference:"C:\Program Files (x86)\Reference Assemblies\Microsoft\Framework\.NETFramework\v4.7.2\Facades\System.Reflection.Emit.ILGeneration.dll" /reference:"C:\Program Files (x86)\Reference Assemblies\Microsoft\Framework\.NETFramework\v4.7.2\Facades\System.Reflection.Emit.Lightweight.dll" /reference:"C:\Program Files (x86)\Reference Assemblies\Microsoft\Framework\.NETFramework\v4.7.2\Facades\System.Reflection.Extensions.dll" /reference:"C:\Program Files (x86)\Reference Assemblies\Microsoft\Framework\.NETFramework\v4.7.2\Facades\System.Reflection.Primitives.dll" /reference:"C:\Program Files (x86)\Reference Assemblies\Microsoft\Framework\.NETFramework\v4.7.2\Facades\System.Resources.Reader.dll" /reference:"C:\Program Files (x86)\Reference Assemblies\Microsoft\Framework\.NETFramework\v4.7.2\Facades\System.Resources.ResourceManager.dll" /reference:"C:\Program Files (x86)\Reference Assemblies\Microsoft\Framework\.NETFramework\v4.7.2\Facades\System.Resources.Writer.dll" /reference:"C:\Program Files (x86)\Reference Assemblies\Microsoft\Framework\.NETFramework\v4.7.2\Facades\System.Runtime.CompilerServices.VisualC.dll" /reference:"C:\Program Files (x86)\Reference Assemblies\Microsoft\Framework\.NETFramework\v4.7.2\Facades\System.Runtime.Handles.dll" /reference:"C:\Program Files (x86)\Reference Assemblies\Microsoft\Framework\.NETFramework\v4.7.2\Facades\System.Runtime.InteropServices.dll" /reference:"C:\Program Files (x86)\Reference Assemblies\Microsoft\Framework\.NETFramework\v4.7.2\Facades\System.Runtime.InteropServices.WindowsRuntime.dll" /reference:"C:\Program Files (x86)\Reference Assemblies\Microsoft\Framework\.NETFramework\v4.7.2\Facades\System.Runtime.Numerics.dll" /reference:"C:\Program Files (x86)\Reference Assemblies\Microsoft\Framework\.NETFramework\v4.7.2\Facades\System.Runtime.Serialization.Formatters.dll" /reference:"C:\Program Files (x86)\Reference Assemblies\Microsoft\Framework\.NETFramework\v4.7.2\Facades\System.Runtime.Serialization.Json.dll" /reference:"C:\Program Files (x86)\Reference Assemblies\Microsoft\Framework\.NETFramework\v4.7.2\Facades\System.Runtime.Serialization.Primitives.dll" /reference:"C:\Program Files (x86)\Reference Assemblies\Microsoft\Framework\.NETFramework\v4.7.2\Facades\System.Runtime.Serialization.Xml.dll" /reference:"C:\Program Files (x86)\Reference Assemblies\Microsoft\Framework\.NETFramework\v4.7.2\Facades\System.Security.Claims.dll" /reference:"C:\Program Files (x86)\Reference Assemblies\Microsoft\Framework\.NETFramework\v4.7.2\Facades\System.Security.Cryptography.Csp.dll" /reference:"C:\Program Files (x86)\Reference Assemblies\Microsoft\Framework\.NETFramework\v4.7.2\Facades\System.Security.Principal.dll" /reference:"C:\Program Files (x86)\Reference Assemblies\Microsoft\Framework\.NETFramework\v4.7.2\Facades\System.Security.SecureString.dll" /reference:"C:\Program Files (x86)\Reference Assemblies\Microsoft\Framework\.NETFramework\v4.7.2\Facades\System.ServiceModel.Duplex.dll" /reference:"C:\Program Files (x86)\Reference Assemblies\Microsoft\Framework\.NETFramework\v4.7.2\Facades\System.ServiceModel.Http.dll" /reference:"C:\Program Files (x86)\Reference Assemblies\Microsoft\Framework\.NETFramework\v4.7.2\Facades\System.ServiceModel.NetTcp.dll" /reference:"C:\Program Files (x86)\Reference Assemblies\Microsoft\Framework\.NETFramework\v4.7.2\Facades\System.ServiceModel.Primitives.dll" /reference:"C:\Program Files (x86)\Reference Assemblies\Microsoft\Framework\.NETFramework\v4.7.2\Facades\System.ServiceModel.Security.dll" /reference:"C:\Program Files (x86)\Reference Assemblies\Microsoft\Framework\.NETFramework\v4.7.2\Facades\System.Text.Encoding.dll" /reference:"C:\Program Files (x86)\Reference Assemblies\Microsoft\Framework\.NETFramework\v4.7.2\Facades\System.Text.Encoding.Extensions.dll" /reference:"C:\Program Files (x86)\Reference Assemblies\Microsoft\Framework\.NETFramework\v4.7.2\Facades\System.Threading.dll" /reference:"C:\Program Files (x86)\Reference Assemblies\Microsoft\Framework\.NETFramework\v4.7.2\Facades\System.Threading.Overlapped.dll" /reference:"C:\Program Files (x86)\Reference Assemblies\Microsoft\Framework\.NETFramework\v4.7.2\Facades\System.Threading.Tasks.dll" /reference:"C:\Program Files (x86)\Reference Assemblies\Microsoft\Framework\.NETFramework\v4.7.2\Facades\System.Threading.Tasks.Parallel.dll" /reference:"C:\Program Files (x86)\Reference Assemblies\Microsoft\Framework\.NETFramework\v4.7.2\Facades\System.Threading.Thread.dll" /reference:"C:\Program Files (x86)\Reference Assemblies\Microsoft\Framework\.NETFramework\v4.7.2\Facades\System.Threading.ThreadPool.dll" /reference:"C:\Program Files (x86)\Reference Assemblies\Microsoft\Framework\.NETFramework\v4.7.2\Facades\System.Threading.Timer.dll" /reference:"C:\Program Files (x86)\Reference Assemblies\Microsoft\Framework\.NETFramework\v4.7.2\Facades\System.Xml.XDocument.dll" /reference:"C:\Program Files (x86)\Reference Assemblies\Microsoft\Framework\.NETFramework\v4.7.2\Facades\System.Xml.XmlDocument.dll" /reference:"C:\Program Files (x86)\Reference Assemblies\Microsoft\Framework\.NETFramework\v4.7.2\Facades\System.Xml.XmlSerializer.dll" /reference:"C:\Program Files (x86)\Reference Assemblies\Microsoft\Framework\.NETFramework\v4.7.2\Facades\System.Xml.XPath.dll" /reference:"C:\Program Files (x86)\Reference Assemblies\Microsoft\Framework\.NETFramework\v4.7.2\Facades\System.Xml.XPath.XDocument.dll" /filealign:4096 /optimize+ /out:"C:\Users\FABIO~1.DAG\AppData\Local\Temp\Razor\Razor\Release\RazorEnhanced.exe" /subsystemversion:6.00 /resource:"C:\Users\FABIO~1.DAG\AppData\Local\Temp\Razor\Razor\Release\Assistant.Properties.Resources.resources" /resource:"C:\Users\FABIO~1.DAG\AppData\Local\Temp\Razor\Razor\Release\RazorEnhanced.UI.RE_MessageBox.resources" /resource:"C:\Users\FABIO~1.DAG\AppData\Local\Temp\Razor\Razor\Release\RazorEnhanced.UI.EnhancedAgentAddList.resources" /resource:"C:\Users\FABIO~1.DAG\AppData\Local\Temp\Razor\Razor\Release\RazorEnhanced.UI.EnhancedChangeLog.resources" /resource:"C:\Users\FABIO~1.DAG\AppData\Local\Temp\Razor\Razor\Release\RazorEnhanced.UI.EnhancedFriendAddGuildManual.resources" /resource:"C:\Users\FABIO~1.DAG\AppData\Local\Temp\Razor\Razor\Release\RazorEnhanced.UI.EnhancedObjectInspector.resources" /resource:"C:\Users\FABIO~1.DAG\AppData\Local\Temp\Razor\Razor\Release\RazorEnhanced.UI.EnhancedStaticInspector.resources" /resource:"C:\Users\FABIO~1.DAG\AppData\Local\Temp\Razor\Razor\Release\RazorEnhanced.UI.EnhancedProfileClone.resources" /resource:"C:\Users\FABIO~1.DAG\AppData\Local\Temp\Razor\Razor\Release\RazorEnhanced.UI.EnhancedProfileRename.resources" /resource:"C:\Users\FABIO~1.DAG\AppData\Local\Temp\Razor\Razor\Release\RazorEnhanced.UI.EnhancedProfileAdd.resources" /resource:"C:\Users\FABIO~1.DAG\AppData\Local\Temp\Razor\Razor\Release\RazorEnhanced.UI.EnhancedAutolootEditItemProps.resources" /resource:"C:\Users\FABIO~1.DAG\AppData\Local\Temp\Razor\Razor\Release\RazorEnhanced.UI.EnhancedFriendAddPlayerManual.resources" /resource:"C:\Users\FABIO~1.DAG\AppData\Local\Temp\Razor\Razor\Release\RazorEnhanced.UI.EnhancedDressAddUndressLayer.resources" /resource:"C:\Users\FABIO~1.DAG\AppData\Local\Temp\Razor\Razor\Release\RazorEnhanced.UI.EnhancedGumpInspector.resources" /resource:"C:\Users\FABIO~1.DAG\AppData\Local\Temp\Razor\Razor\Release\RazorEnhanced.UI.EnhancedLauncher.resources" /resource:"C:\Users\FABIO~1.DAG\AppData\Local\Temp\Razor\Razor\Release\RazorEnhanced.UI.EnhancedScavengerEditItemProps.resources" /resource:"C:\Users\FABIO~1.DAG\AppData\Local\Temp\Razor\Razor\Release\RazorEnhanced.UI.EnhancedItemInspector.resources" /resource:"C:\Users\FABIO~1.DAG\AppData\Local\Temp\Razor\Razor\Release\RazorEnhanced.UI.EnhancedMobileInspector.resources" /resource:"C:\Users\FABIO~1.DAG\AppData\Local\Temp\Razor\Razor\Release\Assistant.RazorEnhanced.UI.Strings.resources" /resource:"C:\Users\FABIO~1.DAG\AppData\Local\Temp\Razor\Razor\Release\RazorEnhanced.UI.EnhancedScriptEditor.resources" /resource:"C:\Users\FABIO~1.DAG\AppData\Local\Temp\Razor\Razor\Release\Assistant.HueEntry.resources" /resource:"C:\Users\FABIO~1.DAG\AppData\Local\Temp\Razor\Razor\Release\Assistant.MainForm.resources" /resource:"C:\Users\FABIO~1.DAG\AppData\Local\Temp\Razor\Razor\Release\Assistant.SplashScreen.resources" /resource:UI\App.ico,Assistant.UI.App.ico /target:winexe /utf8output /win32icon:razor-enhanced.ico /win32manifest:app.manifest /langversion:9.0 /analyzerconfig:c:\Users\fabio.dagostino\Desktop\RazorEnhanced-release-1.0\.editorconfig /analyzerconfig:c:\Users\fabio.dagostino\Desktop\RazorEnhanced-release-1.0\Razor\.editorconfig /analyzer:..\packages\Microsoft.CodeAnalysis.Analyzers.3.11.0\analyzers\dotnet\cs\Microsoft.CodeAnalysis.Analyzers.dll /analyzer:..\packages\Microsoft.CodeAnalysis.Analyzers.3.11.0\analyzers\dotnet\cs\Microsoft.CodeAnalysis.CSharp.Analyzers.dll Client\ClassicUO.cs Client\Client.cs Client\UOAssist.cs Core\ActionQueue.cs Core\BuffInfo.cs Enums\TargetFlags.cs GlobalSuppressions.cs Network\PacketLogger.cs Properties\Settings.Designer.cs RazorEnhanced\BuffInfo.cs RazorEnhanced\CircularBuffer.cs RazorEnhanced\Config.cs Core\SkillIcon.cs Core\DLLImport.cs Core\TitleBar.cs Core\VideoCapture.cs Core\Commands.cs Filters\Death.cs Filters\Filter.cs Filters\Light.cs Filters\MessageFilter.cs Filters\Season.cs Filters\SoundFilters.cs Filters\StaffNpcs.cs Filters\StaffItems.cs Filters\VetRewardGump.cs Filters\Weather.cs Core\Geometry.cs Network\Ping.cs Network\PacketTable.cs Network\UoMod.cs Network\UoWarper.cs Platform.cs RazorEnhanced\AutoDoc.cs RazorEnhanced\Constants.cs RazorEnhanced\CSharpEngine.cs RazorEnhanced\CUO.cs RazorEnhanced\EncodedSpeech.cs RazorEnhanced\EnhancedScript.cs RazorEnhanced\Macros\Actions\ArmDisarmAction.cs RazorEnhanced\Macros\Actions\AttackAction.cs RazorEnhanced\Macros\Actions\BandageAction.cs RazorEnhanced\Macros\Actions\CastSpellAction.cs RazorEnhanced\Macros\Actions\ClearJournalAction.cs RazorEnhanced\Macros\Actions\CommentAction.cs RazorEnhanced\Macros\Actions\DisconnectAction.cs RazorEnhanced\Macros\Actions\DoubleClickAction.cs RazorEnhanced\Macros\Actions\DropAction.cs RazorEnhanced\Macros\Actions\ElseAction.cs RazorEnhanced\Macros\Actions\ElseIfAction.cs RazorEnhanced\Macros\Actions\EndForAction.cs RazorEnhanced\Macros\Actions\EndIfAction.cs RazorEnhanced\Macros\Actions\EndWhileAction.cs RazorEnhanced\Macros\Actions\FlyAction.cs RazorEnhanced\Macros\Actions\ForAction.cs RazorEnhanced\Macros\Actions\GumpResponseAction.cs RazorEnhanced\Macros\Actions\IfAction.cs RazorEnhanced\Macros\Actions\InvokeVirtueAction.cs RazorEnhanced\Macros\Actions\MessagingAction.cs RazorEnhanced\Macros\Actions\MountAction.cs RazorEnhanced\Macros\Actions\MoveItemAction.cs RazorEnhanced\Macros\Actions\MovementAction.cs RazorEnhanced\Macros\Actions\PauseAction.cs RazorEnhanced\Macros\Actions\PickupAction.cs RazorEnhanced\Macros\Actions\PromptResponseAction.cs RazorEnhanced\Macros\Actions\QueryStringResponseAction.cs RazorEnhanced\Macros\Actions\RemoveAliasAction.cs RazorEnhanced\Macros\Actions\RenameMobileAction.cs RazorEnhanced\Macros\Actions\ResyncAction.cs RazorEnhanced\Macros\Actions\RunOrganizerOnceAction.cs RazorEnhanced\Macros\Actions\SetAbilityAction.cs RazorEnhanced\Macros\Actions\SetAliasAction.cs.cs RazorEnhanced\Macros\Actions\TargetAction.cs RazorEnhanced\Macros\Actions\TargetResource.cs RazorEnhanced\Macros\Actions\ToggleWarModeAction.cs RazorEnhanced\Macros\Actions\UseContextMenuAction.cs RazorEnhanced\Macros\Actions\UseEmoteAction.cs RazorEnhanced\Macros\Actions\UsePotionAction.cs RazorEnhanced\Macros\Actions\UseSkillAction.cs RazorEnhanced\Macros\Actions\WaitForGumpAction.cs RazorEnhanced\Macros\Actions\WaitForTargetAction.cs RazorEnhanced\Macros\Actions\WhileAction.cs RazorEnhanced\Macros\Macro.cs RazorEnhanced\Macros\MacroAction.cs RazorEnhanced\Macros\MacroActionFactory.cs RazorEnhanced\Macros\MacroManager.cs RazorEnhanced\PacketLogger.cs RazorEnhanced\Proto-Control\ProtoControl.cs RazorEnhanced\Proto-Control\ProtoControlGrpc.cs RazorEnhanced\Proto-Control\ProtoControlServer.cs RazorEnhanced\PythonEngine.cs RazorEnhanced\ScriptRecorder.cs RazorEnhanced\PathFinding.cs RazorEnhanced\Multi.cs RazorEnhanced\SeasonManager.cs RazorEnhanced\Skills.cs RazorEnhanced\Sound.cs RazorEnhanced\SpellGrid.cs RazorEnhanced\SyncPrimitives.cs RazorEnhanced\Timer.cs RazorEnhanced\Statics.cs RazorEnhanced\DragDropManager.cs RazorEnhanced\Profiles.cs RazorEnhanced\SpecialMoves.cs Core\Item.cs Core\TypeID.cs Core\Main.cs Core\Facet.cs Core\Mobile.cs Core\MsgQueue.cs Client\OSIClient.cs Network\Handlers.cs Network\Packet.cs Network\PacketHandler.cs Network\Packets.cs Core\ObjectPropertyList.cs Core\PasswordMemory.cs Core\Player.cs Properties\Resources.Designer.cs Core\ScreenCapture.cs Core\Serial.cs Core\Spells.cs Core\StealthSteps.cs Core\Targeting.cs Core\Timer.cs RazorEnhanced\HotKey.cs RazorEnhanced\DPSMeter.cs RazorEnhanced\ToolBar.cs RazorEnhanced\BandageHeal.cs RazorEnhanced\Restock.cs RazorEnhanced\Filters.cs RazorEnhanced\JsonData.cs RazorEnhanced\Target.cs RazorEnhanced\Journal.cs RazorEnhanced\AutoLoot.cs RazorEnhanced\Dress.cs RazorEnhanced\GumpInspector.cs RazorEnhanced\Gumps.cs RazorEnhanced\Shards.cs RazorEnhanced\Trade.cs RazorEnhanced\UI\RE_MessageBox.cs RazorEnhanced\UI\RE_MessageBox.Designer.cs RazorEnhanced\UI\EnhancedAgentAddList.cs RazorEnhanced\UI\EnhancedAgentAddList.Designer.cs RazorEnhanced\UI\EnhancedChangeLog.cs RazorEnhanced\UI\EnhancedChangeLog.Designer.cs RazorEnhanced\UI\EnhancedFriendAddGuildManual.cs RazorEnhanced\UI\EnhancedFriendAddGuildManual.Designer.cs RazorEnhanced\UI\EnhancedObjectInspector.cs RazorEnhanced\UI\EnhancedObjectInspector.Designer.cs RazorEnhanced\UI\EnhancedStaticInspector.cs RazorEnhanced\UI\EnhancedStaticInspector.Designer.cs RazorEnhanced\UI\EnhancedProfileClone.cs RazorEnhanced\UI\EnhancedProfileClone.Designer.cs RazorEnhanced\UI\EnhancedProfileRename.cs RazorEnhanced\UI\EnhancedProfileRename.Designer.cs RazorEnhanced\UI\EnhancedProfileAdd.cs RazorEnhanced\UI\EnhancedProfileAdd.Designer.cs RazorEnhanced\UI\EnhancedAutolootEditItemProps.cs RazorEnhanced\UI\EnhancedAutolootEditItemProps.Designer.cs RazorEnhanced\UI\EnhancedFriendAddPlayerManual.cs RazorEnhanced\UI\EnhancedFriendAddPlayerManual.Designer.cs RazorEnhanced\UI\EnhancedDressAddUndressLayer.cs RazorEnhanced\UI\EnhancedDressAddUndressLayer.Designer.cs RazorEnhanced\UI\EnhancedGumpInspector.cs RazorEnhanced\UI\EnhancedGumpInspector.Designer.cs RazorEnhanced\UI\EnhancedLauncher.cs RazorEnhanced\UI\EnhancedLauncher.Designer.cs RazorEnhanced\UI\LanguageHelper.cs RazorEnhanced\Friend.cs RazorEnhanced\UI\RazorFastColoredTextBox.cs RazorEnhanced\UI\RazorFastColoredTextBox.Designer.cs RazorEnhanced\UI\ScriptListView.cs RazorEnhanced\UOSteamEngine.cs RazorEnhanced\Vendor.cs RazorEnhanced\Organizer.cs RazorEnhanced\Scavenger.cs RazorEnhanced\Geometry.cs RazorEnhanced\Item.cs Core\Buffs.cs RazorEnhanced\Misc.cs RazorEnhanced\Scripts.cs RazorEnhanced\Settings.cs RazorEnhanced\Spells.cs RazorEnhanced\Player.cs RazorEnhanced\UI\EnhancedScavengerEditItemProps.cs RazorEnhanced\UI\EnhancedScavengerEditItemProps.Designer.cs RazorEnhanced\UI\EnhancedItemInspector.cs RazorEnhanced\UI\EnhancedItemInspector.Designer.cs RazorEnhanced\UI\EnhancedMobileInspector.cs RazorEnhanced\UI\EnhancedMobileInspector.Designer.cs RazorEnhanced\UI\EnhancedScriptEditor.cs RazorEnhanced\UI\EnhancedScriptEditor.Designer.cs RazorEnhanced\Mobile.cs RazorEnhanced\Property.cs Properties\AssemblyInfo.cs UI\Agent\AutoLoot.cs UI\Agent\BandageHeal.cs UI\Agent\Dress.cs UI\Agent\Common.cs UI\Agent\DPSMeter.cs UI\Ext.cs UI\Filter\EN-Filters.cs UI\Agent\Friends.cs UI\Filter\Filters.cs UI\MacrosUI.cs UI\Other\Hotkey.cs UI\Controls\RazorTheme.cs UI\Controls\RazorToggle.cs UI\Controls\RazorButton.cs UI\Controls\RazorCard.cs UI\Controls\RazorSidebar.cs UI\Controls\RazorTextBox.cs UI\Controls\RazorComboBox.cs UI\HueEntry.cs UI\Languages.cs UI\Agent\Organizer.cs UI\Other\Profile.cs UI\Razor.cs UI\Agent\Restock.cs UI\Agent\Scavenger.cs UI\Grids-Bars\SpellGrid.cs UI\Other\Script.cs UI\Other\Skills.cs UI\Other\Target.cs UI\Video-Screen\ScreenShot.cs UI\SplashScreen.cs Core\UOEntity.cs Core\Utility.cs Core\World.cs Core\ZLib.cs UI\Grids-Bars\Toolbar.cs UI\Agent\VendorBuy.cs UI\Agent\VendorSell.cs UI\Video-Screen\VideoRecorder.cs "obj\x86\Release\.NETFramework,Version=v4.7.2.AssemblyAttributes.cs"
  Compilation request Razor, PathToTool=C:\Program Files\Microsoft Visual Studio\18\Professional\MSBuild\Current\Bin\Roslyn\csc.exe
  CommandLine = ' /noconfig'
  BuildResponseFile = '/unsafe+ /nowarn:CS8618,CS8619,CS8625,CS8600,CS8601,CS8602,CS8603,CS8604,CS1591,1701,1702 /fullpaths /nostdlib+ /platform:x86 /errorreport:prompt /baseaddress:285212672 /define:TRACE /main:Assistant.Engine /highentropyva+ /nullable:disable /reference:c:\Users\fabio.dagostino\Desktop\RazorEnhanced-release-1.0\packages\Accord.Controls.Imaging.3.8.0\lib\net462\Accord.Controls.Imaging.dll /reference:c:\Users\fabio.dagostino\Desktop\RazorEnhanced-release-1.0\packages\Accord.3.8.0\lib\net462\Accord.dll /reference:c:\Users\fabio.dagostino\Desktop\RazorEnhanced-release-1.0\packages\Accord.Imaging.3.8.0\lib\net462\Accord.Imaging.dll /reference:c:\Users\fabio.dagostino\Desktop\RazorEnhanced-release-1.0\packages\Accord.Math.3.8.0\lib\net462\Accord.Math.Core.dll /reference:c:\Users\fabio.dagostino\Desktop\RazorEnhanced-release-1.0\packages\Accord.Math.3.8.0\lib\net462\Accord.Math.dll /reference:c:\Users\fabio.dagostino\Desktop\RazorEnhanced-release-1.0\packages\Accord.Statistics.3.8.0\lib\net462\Accord.Statistics.dll /reference:c:\Users\fabio.dagostino\Desktop\RazorEnhanced-release-1.0\packages\Accord.Video.DirectShow.3.8.0\lib\net462\Accord.Video.DirectShow.dll /reference:c:\Users\fabio.dagostino\Desktop\RazorEnhanced-release-1.0\packages\Accord.Video.3.8.0\lib\net462\Accord.Video.dll /reference:c:\Users\fabio.dagostino\Desktop\RazorEnhanced-release-1.0\packages\Accord.Video.FFMPEG.3.8.0\lib\net462\Accord.Video.FFMPEG.dll /reference:c:\Users\fabio.dagostino\Desktop\RazorEnhanced-release-1.0\packages\Autoupdater.NET.Official.1.9.2\lib\net462\AutoUpdater.NET.dll /reference:c:\Users\fabio.dagostino\Desktop\RazorEnhanced-release-1.0\packages\ConcurrentHashSet.1.3.0\lib\net461\ConcurrentCollections.dll /reference:c:\Users\fabio.dagostino\Desktop\RazorEnhanced-release-1.0\packages\Consul.1.7.14.7\lib\net461\Consul.dll /reference:c:\Users\fabio.dagostino\Desktop\RazorEnhanced-release-1.0\packages\CrashReporter.NET.Official.1.6.0\lib\net462\CrashReporter.NET.dll /reference:c:\Users\fabio.dagostino\Desktop\RazorEnhanced-release-1.0\Razor\cuoapi.dll /reference:c:\Users\fabio.dagostino\Desktop\RazorEnhanced-release-1.0\bin\Win32\Release\FastColoredTextBox.dll /reference:c:\Users\fabio.dagostino\Desktop\RazorEnhanced-release-1.0\packages\Google.Protobuf.3.29.3\lib\net45\Google.Protobuf.dll /reference:c:\Users\fabio.dagostino\Desktop\RazorEnhanced-release-1.0\packages\Grpc.Core.Api.2.37.1\lib\net45\Grpc.Core.Api.dll /reference:c:\Users\fabio.dagostino\Desktop\RazorEnhanced-release-1.0\packages\Grpc.Core.2.37.1\lib\net45\Grpc.Core.dll /reference:c:\Users\fabio.dagostino\Desktop\RazorEnhanced-release-1.0\packages\HtmlAgilityPack.1.11.73\lib\Net45\HtmlAgilityPack.dll /reference:c:\Users\fabio.dagostino\Desktop\RazorEnhanced-release-1.0\packages\IronPython.3.4.2\lib\net462\IronPython.dll /reference:c:\Users\fabio.dagostino\Desktop\RazorEnhanced-release-1.0\packages\IronPython.3.4.2\lib\net462\IronPython.Modules.dll /reference:c:\Users\fabio.dagostino\Desktop\RazorEnhanced-release-1.0\packages\IronPython.3.4.2\lib\net462\IronPython.SQLite.dll /reference:c:\Users\fabio.dagostino\Desktop\RazorEnhanced-release-1.0\packages\IronPython.3.4.2\lib\net462\IronPython.Wpf.dll /reference:c:\Users\fabio.dagostino\Desktop\RazorEnhanced-release-1.0\packages\Microsoft.Bcl.AsyncInterfaces.9.0.2\lib\net462\Microsoft.Bcl.AsyncInterfaces.dll /reference:c:\Users\fabio.dagostino\Desktop\RazorEnhanced-release-1.0\packages\Microsoft.CodeAnalysis.CSharp.4.13.0\lib\netstandard2.0\Microsoft.CodeAnalysis.CSharp.dll /reference:c:\Users\fabio.dagostino\Desktop\RazorEnhanced-release-1.0\packages\Microsoft.CodeAnalysis.Common.4.13.0\lib\netstandard2.0\Microsoft.CodeAnalysis.dll /reference:c:\Users\fabio.dagostino\Desktop\RazorEnhanced-release-1.0\packages\Microsoft.CodeDom.Providers.DotNetCompilerPlatform.4.1.0\lib\net472\Microsoft.CodeDom.Providers.DotNetCompilerPlatform.dll /reference:"C:\Program Files (x86)\Reference Assemblies\Microsoft\Framework\.NETFramework\v4.7.2\Microsoft.CSharp.dll" /reference:c:\Users\fabio.dagostino\Desktop\RazorEnhanced-release-1.0\packages\DynamicLanguageRuntime.1.3.5\lib\net462\Microsoft.Dynamic.dll /reference:c:\Users\fabio.dagostino\Desktop\RazorEnhanced-release-1.0\packages\Microsoft.Extensions.Configuration.Abstractions.9.0.2\lib\net462\Microsoft.Extensions.Configuration.Abstractions.dll /reference:c:\Users\fabio.dagostino\Desktop\RazorEnhanced-release-1.0\packages\Microsoft.Extensions.Configuration.Binder.9.0.2\lib\net462\Microsoft.Extensions.Configuration.Binder.dll /reference:c:\Users\fabio.dagostino\Desktop\RazorEnhanced-release-1.0\packages\Microsoft.Extensions.Configuration.9.0.2\lib\net462\Microsoft.Extensions.Configuration.dll /reference:c:\Users\fabio.dagostino\Desktop\RazorEnhanced-release-1.0\packages\Microsoft.Extensions.Configuration.EnvironmentVariables.9.0.2\lib\net462\Microsoft.Extensions.Configuration.EnvironmentVariables.dll /reference:c:\Users\fabio.dagostino\Desktop\RazorEnhanced-release-1.0\packages\Microsoft.Extensions.Configuration.FileExtensions.9.0.2\lib\net462\Microsoft.Extensions.Configuration.FileExtensions.dll /reference:c:\Users\fabio.dagostino\Desktop\RazorEnhanced-release-1.0\packages\Microsoft.Extensions.Configuration.Json.9.0.2\lib\net462\Microsoft.Extensions.Configuration.Json.dll /reference:c:\Users\fabio.dagostino\Desktop\RazorEnhanced-release-1.0\packages\Microsoft.Extensions.DependencyInjection.Abstractions.9.0.2\lib\net462\Microsoft.Extensions.DependencyInjection.Abstractions.dll /reference:c:\Users\fabio.dagostino\Desktop\RazorEnhanced-release-1.0\packages\Microsoft.Extensions.FileProviders.Abstractions.9.0.2\lib\net462\Microsoft.Extensions.FileProviders.Abstractions.dll /reference:c:\Users\fabio.dagostino\Desktop\RazorEnhanced-release-1.0\packages\Microsoft.Extensions.FileProviders.Physical.9.0.2\lib\net462\Microsoft.Extensions.FileProviders.Physical.dll /reference:c:\Users\fabio.dagostino\Desktop\RazorEnhanced-release-1.0\packages\Microsoft.Extensions.FileSystemGlobbing.9.0.2\lib\net462\Microsoft.Extensions.FileSystemGlobbing.dll /reference:c:\Users\fabio.dagostino\Desktop\RazorEnhanced-release-1.0\packages\Microsoft.Extensions.Options.ConfigurationExtensions.9.0.2\lib\net462\Microsoft.Extensions.Options.ConfigurationExtensions.dll /reference:c:\Users\fabio.dagostino\Desktop\RazorEnhanced-release-1.0\packages\Microsoft.Extensions.Options.9.0.2\lib\net462\Microsoft.Extensions.Options.dll /reference:c:\Users\fabio.dagostino\Desktop\RazorEnhanced-release-1.0\packages\Microsoft.Extensions.Primitives.9.0.2\lib\net462\Microsoft.Extensions.Primitives.dll /reference:c:\Users\fabio.dagostino\Desktop\RazorEnhanced-release-1.0\packages\DynamicLanguageRuntime.1.3.5\lib\net462\Microsoft.Scripting.dll /reference:c:\Users\fabio.dagostino\Desktop\RazorEnhanced-release-1.0\packages\DynamicLanguageRuntime.1.3.5\lib\net462\Microsoft.Scripting.Metadata.dll /reference:c:\Users\fabio.dagostino\Desktop\RazorEnhanced-release-1.0\packages\Microsoft.Web.WebView2.1.0.3065.39\lib\net462\Microsoft.Web.WebView2.Core.dll /reference:c:\Users\fabio.dagostino\Desktop\RazorEnhanced-release-1.0\packages\Microsoft.Web.WebView2.1.0.3065.39\lib\net462\Microsoft.Web.WebView2.WinForms.dll /reference:c:\Users\fabio.dagostino\Desktop\RazorEnhanced-release-1.0\packages\Microsoft.Web.WebView2.1.0.3065.39\lib\net462\Microsoft.Web.WebView2.Wpf.dll /reference:c:\Users\fabio.dagostino\Desktop\RazorEnhanced-release-1.0\packages\Mono.Options.6.12.0.148\lib\net40\Mono.Options.dll /reference:"C:\Program Files (x86)\Reference Assemblies\Microsoft\Framework\.NETFramework\v4.7.2\mscorlib.dll" /reference:c:\Users\fabio.dagostino\Desktop\RazorEnhanced-release-1.0\packages\Newtonsoft.Json.13.0.3\lib\net45\Newtonsoft.Json.dll /reference:c:\Users\fabio.dagostino\Desktop\RazorEnhanced-release-1.0\packages\NLog.5.4.0\lib\net46\NLog.dll /reference:"C:\Program Files (x86)\Reference Assemblies\Microsoft\Framework\.NETFramework\v4.7.2\PresentationFramework.dll" /reference:c:\Users\fabio.dagostino\Desktop\RazorEnhanced-release-1.0\packages\System.Buffers.4.6.0\lib\net462\System.Buffers.dll /reference:c:\Users\fabio.dagostino\Desktop\RazorEnhanced-release-1.0\packages\System.Collections.Immutable.9.0.2\lib\net462\System.Collections.Immutable.dll /reference:c:\Users\fabio.dagostino\Desktop\RazorEnhanced-release-1.0\packages\System.ComponentModel.Annotations.5.0.0\lib\net461\System.ComponentModel.Annotations.dll /reference:"C:\Program Files (x86)\Reference Assemblies\Microsoft\Framework\.NETFramework\v4.7.2\System.ComponentModel.Composition.dll" /reference:"C:\Program Files (x86)\Reference Assemblies\Microsoft\Framework\.NETFramework\v4.7.2\System.ComponentModel.DataAnnotations.dll" /reference:"C:\Program Files (x86)\Reference Assemblies\Microsoft\Framework\.NETFramework\v4.7.2\System.Configuration.dll" /reference:"C:\Program Files (x86)\Reference Assemblies\Microsoft\Framework\.NETFramework\v4.7.2\System.Core.dll" /reference:"C:\Program Files (x86)\Reference Assemblies\Microsoft\Framework\.NETFramework\v4.7.2\System.Data.DataSetExtensions.dll" /reference:"C:\Program Files (x86)\Reference Assemblies\Microsoft\Framework\.NETFramework\v4.7.2\System.Data.dll" /reference:c:\Users\fabio.dagostino\Desktop\RazorEnhanced-release-1.0\packages\FrameworkExtract.System.Deployment.4.0.30319\lib\netstandard2.0\System.Deployment.dll /reference:"C:\Program Files (x86)\Reference Assemblies\Microsoft\Framework\.NETFramework\v4.7.2\System.Design.dll" /reference:"C:\Program Files (x86)\Reference Assemblies\Microsoft\Framework\.NETFramework\v4.7.2\System.DirectoryServices.dll" /reference:"C:\Program Files (x86)\Reference Assemblies\Microsoft\Framework\.NETFramework\v4.7.2\System.dll" /reference:"C:\Program Files (x86)\Reference Assemblies\Microsoft\Framework\.NETFramework\v4.7.2\System.Drawing.dll" /reference:"C:\Program Files (x86)\Reference Assemblies\Microsoft\Framework\.NETFramework\v4.7.2\System.IO.Compression.dll" /reference:c:\Users\fabio.dagostino\Desktop\RazorEnhanced-release-1.0\packages\System.IO.Pipelines.9.0.2\lib\net462\System.IO.Pipelines.dll /reference:"C:\Program Files (x86)\Reference Assemblies\Microsoft\Framework\.NETFramework\v4.7.2\System.Management.dll" /reference:c:\Users\fabio.dagostino\Desktop\RazorEnhanced-release-1.0\packages\System.Memory.4.6.0\lib\net462\System.Memory.dll /reference:"C:\Program Files (x86)\Reference Assemblies\Microsoft\Framework\.NETFramework\v4.7.2\System.Net.Http.dll" /reference:"C:\Program Files (x86)\Reference Assemblies\Microsoft\Framework\.NETFramework\v4.7.2\System.Net.Http.WebRequest.dll" /reference:"C:\Program Files (x86)\Reference Assemblies\Microsoft\Framework\.NETFramework\v4.7.2\System.Numerics.dll" /reference:c:\Users\fabio.dagostino\Desktop\RazorEnhanced-release-1.0\packages\System.Numerics.Vectors.4.6.0\lib\net462\System.Numerics.Vectors.dll /reference:c:\Users\fabio.dagostino\Desktop\RazorEnhanced-release-1.0\packages\System.Reflection.Metadata.9.0.2\lib\net462\System.Reflection.Metadata.dll /reference:c:\Users\fabio.dagostino\Desktop\RazorEnhanced-release-1.0\packages\System.Runtime.CompilerServices.Unsafe.6.1.0\lib\net462\System.Runtime.CompilerServices.Unsafe.dll /reference:"C:\Program Files (x86)\Reference Assemblies\Microsoft\Framework\.NETFramework\v4.7.2\Facades\System.Runtime.dll" /reference:"C:\Program Files (x86)\Reference Assemblies\Microsoft\Framework\.NETFramework\v4.7.2\Facades\System.Runtime.Extensions.dll" /reference:"C:\Program Files (x86)\Reference Assemblies\Microsoft\Framework\.NETFramework\v4.7.2\Facades\System.Runtime.InteropServices.RuntimeInformation.dll" /reference:"C:\Program Files (x86)\Reference Assemblies\Microsoft\Framework\.NETFramework\v4.7.2\System.Runtime.Serialization.dll" /reference:"C:\Program Files (x86)\Reference Assemblies\Microsoft\Framework\.NETFramework\v4.7.2\Facades\System.Security.Cryptography.Algorithms.dll" /reference:"C:\Program Files (x86)\Reference Assemblies\Microsoft\Framework\.NETFramework\v4.7.2\Facades\System.Security.Cryptography.Encoding.dll" /reference:"C:\Program Files (x86)\Reference Assemblies\Microsoft\Framework\.NETFramework\v4.7.2\Facades\System.Security.Cryptography.Primitives.dll" /reference:"C:\Program Files (x86)\Reference Assemblies\Microsoft\Framework\.NETFramework\v4.7.2\Facades\System.Security.Cryptography.X509Certificates.dll" /reference:c:\Users\fabio.dagostino\Desktop\RazorEnhanced-release-1.0\packages\System.Text.Encoding.CodePages.9.0.2\lib\net462\System.Text.Encoding.CodePages.dll /reference:c:\Users\fabio.dagostino\Desktop\RazorEnhanced-release-1.0\packages\System.Text.Encodings.Web.9.0.2\lib\net462\System.Text.Encodings.Web.dll /reference:c:\Users\fabio.dagostino\Desktop\RazorEnhanced-release-1.0\packages\System.Text.Json.9.0.2\lib\net462\System.Text.Json.dll /reference:"C:\Program Files (x86)\Reference Assemblies\Microsoft\Framework\.NETFramework\v4.7.2\Facades\System.Text.RegularExpressions.dll" /reference:c:\Users\fabio.dagostino\Desktop\RazorEnhanced-release-1.0\packages\System.Threading.Tasks.Extensions.4.6.0\lib\net462\System.Threading.Tasks.Extensions.dll /reference:c:\Users\fabio.dagostino\Desktop\RazorEnhanced-release-1.0\packages\System.ValueTuple.4.5.0\lib\net47\System.ValueTuple.dll /reference:"C:\Program Files (x86)\Reference Assemblies\Microsoft\Framework\.NETFramework\v4.7.2\System.Web.dll" /reference:"C:\Program Files (x86)\Reference Assemblies\Microsoft\Framework\.NETFramework\v4.7.2\System.Windows.Forms.dll" /reference:"C:\Program Files (x86)\Reference Assemblies\Microsoft\Framework\.NETFramework\v4.7.2\System.Xaml.dll" /reference:"C:\Program Files (x86)\Reference Assemblies\Microsoft\Framework\.NETFramework\v4.7.2\System.Xml.dll" /reference:"C:\Program Files (x86)\Reference Assemblies\Microsoft\Framework\.NETFramework\v4.7.2\System.Xml.Linq.dll" /reference:"C:\Program Files (x86)\Reference Assemblies\Microsoft\Framework\.NETFramework\v4.7.2\Facades\System.Xml.ReaderWriter.dll" /reference:c:\Users\fabio.dagostino\Desktop\RazorEnhanced-release-1.0\packages\WebSocketSharp-netstandard.1.0.1\lib\net45\websocket-sharp.dll /reference:"C:\Program Files (x86)\Reference Assemblies\Microsoft\Framework\.NETFramework\v4.7.2\WindowsBase.dll" /reference:"C:\Program Files (x86)\Reference Assemblies\Microsoft\Framework\.NETFramework\v4.7.2\Facades\Microsoft.Win32.Primitives.dll" /reference:"C:\Program Files (x86)\Reference Assemblies\Microsoft\Framework\.NETFramework\v4.7.2\Facades\netstandard.dll" /reference:"C:\Program Files (x86)\Reference Assemblies\Microsoft\Framework\.NETFramework\v4.7.2\Facades\System.AppContext.dll" /reference:"C:\Program Files (x86)\Reference Assemblies\Microsoft\Framework\.NETFramework\v4.7.2\Facades\System.Collections.Concurrent.dll" /reference:"C:\Program Files (x86)\Reference Assemblies\Microsoft\Framework\.NETFramework\v4.7.2\Facades\System.Collections.dll" /reference:"C:\Program Files (x86)\Reference Assemblies\Microsoft\Framework\.NETFramework\v4.7.2\Facades\System.Collections.NonGeneric.dll" /reference:"C:\Program Files (x86)\Reference Assemblies\Microsoft\Framework\.NETFramework\v4.7.2\Facades\System.Collections.Specialized.dll" /reference:"C:\Program Files (x86)\Reference Assemblies\Microsoft\Framework\.NETFramework\v4.7.2\Facades\System.ComponentModel.dll" /reference:"C:\Program Files (x86)\Reference Assemblies\Microsoft\Framework\.NETFramework\v4.7.2\Facades\System.ComponentModel.EventBasedAsync.dll" /reference:"C:\Program Files (x86)\Reference Assemblies\Microsoft\Framework\.NETFramework\v4.7.2\Facades\System.ComponentModel.Primitives.dll" /reference:"C:\Program Files (x86)\Reference Assemblies\Microsoft\Framework\.NETFramework\v4.7.2\Facades\System.ComponentModel.TypeConverter.dll" /reference:"C:\Program Files (x86)\Reference Assemblies\Microsoft\Framework\.NETFramework\v4.7.2\Facades\System.Console.dll" /reference:"C:\Program Files (x86)\Reference Assemblies\Microsoft\Framework\.NETFramework\v4.7.2\Facades\System.Data.Common.dll" /reference:"C:\Program Files (x86)\Reference Assemblies\Microsoft\Framework\.NETFramework\v4.7.2\Facades\System.Diagnostics.Contracts.dll" /reference:"C:\Program Files (x86)\Reference Assemblies\Microsoft\Framework\.NETFramework\v4.7.2\Facades\System.Diagnostics.Debug.dll" /reference:"C:\Program Files (x86)\Reference Assemblies\Microsoft\Framework\.NETFramework\v4.7.2\Facades\System.Diagnostics.FileVersionInfo.dll" /reference:"C:\Program Files (x86)\Reference Assemblies\Microsoft\Framework\.NETFramework\v4.7.2\Facades\System.Diagnostics.Process.dll" /reference:"C:\Program Files (x86)\Reference Assemblies\Microsoft\Framework\.NETFramework\v4.7.2\Facades\System.Diagnostics.StackTrace.dll" /reference:"C:\Program Files (x86)\Reference Assemblies\Microsoft\Framework\.NETFramework\v4.7.2\Facades\System.Diagnostics.TextWriterTraceListener.dll" /reference:"C:\Program Files (x86)\Reference Assemblies\Microsoft\Framework\.NETFramework\v4.7.2\Facades\System.Diagnostics.Tools.dll" /reference:"C:\Program Files (x86)\Reference Assemblies\Microsoft\Framework\.NETFramework\v4.7.2\Facades\System.Diagnostics.TraceSource.dll" /reference:"C:\Program Files (x86)\Reference Assemblies\Microsoft\Framework\.NETFramework\v4.7.2\Facades\System.Drawing.Primitives.dll" /reference:"C:\Program Files (x86)\Reference Assemblies\Microsoft\Framework\.NETFramework\v4.7.2\Facades\System.Dynamic.Runtime.dll" /reference:"C:\Program Files (x86)\Reference Assemblies\Microsoft\Framework\.NETFramework\v4.7.2\Facades\System.Globalization.Calendars.dll" /reference:"C:\Program Files (x86)\Reference Assemblies\Microsoft\Framework\.NETFramework\v4.7.2\Facades\System.Globalization.dll" /reference:"C:\Program Files (x86)\Reference Assemblies\Microsoft\Framework\.NETFramework\v4.7.2\Facades\System.Globalization.Extensions.dll" /reference:"C:\Program Files (x86)\Reference Assemblies\Microsoft\Framework\.NETFramework\v4.7.2\Facades\System.IO.Compression.ZipFile.dll" /reference:"C:\Program Files (x86)\Reference Assemblies\Microsoft\Framework\.NETFramework\v4.7.2\Facades\System.IO.dll" /reference:"C:\Program Files (x86)\Reference Assemblies\Microsoft\Framework\.NETFramework\v4.7.2\Facades\System.IO.FileSystem.dll" /reference:"C:\Program Files (x86)\Reference Assemblies\Microsoft\Framework\.NETFramework\v4.7.2\Facades\System.IO.FileSystem.DriveInfo.dll" /reference:"C:\Program Files (x86)\Reference Assemblies\Microsoft\Framework\.NETFramework\v4.7.2\Facades\System.IO.FileSystem.Primitives.dll" /reference:"C:\Program Files (x86)\Reference Assemblies\Microsoft\Framework\.NETFramework\v4.7.2\Facades\System.IO.FileSystem.Watcher.dll" /reference:"C:\Program Files (x86)\Reference Assemblies\Microsoft\Framework\.NETFramework\v4.7.2\Facades\System.IO.IsolatedStorage.dll" /reference:"C:\Program Files (x86)\Reference Assemblies\Microsoft\Framework\.NETFramework\v4.7.2\Facades\System.IO.MemoryMappedFiles.dll" /reference:"C:\Program Files (x86)\Reference Assemblies\Microsoft\Framework\.NETFramework\v4.7.2\Facades\System.IO.Pipes.dll" /reference:"C:\Program Files (x86)\Reference Assemblies\Microsoft\Framework\.NETFramework\v4.7.2\Facades\System.IO.UnmanagedMemoryStream.dll" /reference:"C:\Program Files (x86)\Reference Assemblies\Microsoft\Framework\.NETFramework\v4.7.2\Facades\System.Linq.dll" /reference:"C:\Program Files (x86)\Reference Assemblies\Microsoft\Framework\.NETFramework\v4.7.2\Facades\System.Linq.Expressions.dll" /reference:"C:\Program Files (x86)\Reference Assemblies\Microsoft\Framework\.NETFramework\v4.7.2\Facades\System.Linq.Parallel.dll" /reference:"C:\Program Files (x86)\Reference Assemblies\Microsoft\Framework\.NETFramework\v4.7.2\Facades\System.Linq.Queryable.dll" /reference:"C:\Program Files (x86)\Reference Assemblies\Microsoft\Framework\.NETFramework\v4.7.2\Facades\System.Net.Http.Rtc.dll" /reference:"C:\Program Files (x86)\Reference Assemblies\Microsoft\Framework\.NETFramework\v4.7.2\Facades\System.Net.NameResolution.dll" /reference:"C:\Program Files (x86)\Reference Assemblies\Microsoft\Framework\.NETFramework\v4.7.2\Facades\System.Net.NetworkInformation.dll" /reference:"C:\Program Files (x86)\Reference Assemblies\Microsoft\Framework\.NETFramework\v4.7.2\Facades\System.Net.Ping.dll" /reference:"C:\Program Files (x86)\Reference Assemblies\Microsoft\Framework\.NETFramework\v4.7.2\Facades\System.Net.Primitives.dll" /reference:"C:\Program Files (x86)\Reference Assemblies\Microsoft\Framework\.NETFramework\v4.7.2\Facades\System.Net.Requests.dll" /reference:"C:\Program Files (x86)\Reference Assemblies\Microsoft\Framework\.NETFramework\v4.7.2\Facades\System.Net.Security.dll" /reference:"C:\Program Files (x86)\Reference Assemblies\Microsoft\Framework\.NETFramework\v4.7.2\Facades\System.Net.Sockets.dll" /reference:"C:\Program Files (x86)\Reference Assemblies\Microsoft\Framework\.NETFramework\v4.7.2\Facades\System.Net.WebHeaderCollection.dll" /reference:"C:\Program Files (x86)\Reference Assemblies\Microsoft\Framework\.NETFramework\v4.7.2\Facades\System.Net.WebSockets.Client.dll" /reference:"C:\Program Files (x86)\Reference Assemblies\Microsoft\Framework\.NETFramework\v4.7.2\Facades\System.Net.WebSockets.dll" /reference:"C:\Program Files (x86)\Reference Assemblies\Microsoft\Framework\.NETFramework\v4.7.2\Facades\System.ObjectModel.dll" /reference:"C:\Program Files (x86)\Reference Assemblies\Microsoft\Framework\.NETFramework\v4.7.2\Facades\System.Reflection.dll" /reference:"C:\Program Files (x86)\Reference Assemblies\Microsoft\Framework\.NETFramework\v4.7.2\Facades\System.Reflection.Emit.dll" /reference:"C:\Program Files (x86)\Reference Assemblies\Microsoft\Framework\.NETFramework\v4.7.2\Facades\System.Reflection.Emit.ILGeneration.dll" /reference:"C:\Program Files (x86)\Reference Assemblies\Microsoft\Framework\.NETFramework\v4.7.2\Facades\System.Reflection.Emit.Lightweight.dll" /reference:"C:\Program Files (x86)\Reference Assemblies\Microsoft\Framework\.NETFramework\v4.7.2\Facades\System.Reflection.Extensions.dll" /reference:"C:\Program Files (x86)\Reference Assemblies\Microsoft\Framework\.NETFramework\v4.7.2\Facades\System.Reflection.Primitives.dll" /reference:"C:\Program Files (x86)\Reference Assemblies\Microsoft\Framework\.NETFramework\v4.7.2\Facades\System.Resources.Reader.dll" /reference:"C:\Program Files (x86)\Reference Assemblies\Microsoft\Framework\.NETFramework\v4.7.2\Facades\System.Resources.ResourceManager.dll" /reference:"C:\Program Files (x86)\Reference Assemblies\Microsoft\Framework\.NETFramework\v4.7.2\Facades\System.Resources.Writer.dll" /reference:"C:\Program Files (x86)\Reference Assemblies\Microsoft\Framework\.NETFramework\v4.7.2\Facades\System.Runtime.CompilerServices.VisualC.dll" /reference:"C:\Program Files (x86)\Reference Assemblies\Microsoft\Framework\.NETFramework\v4.7.2\Facades\System.Runtime.Handles.dll" /reference:"C:\Program Files (x86)\Reference Assemblies\Microsoft\Framework\.NETFramework\v4.7.2\Facades\System.Runtime.InteropServices.dll" /reference:"C:\Program Files (x86)\Reference Assemblies\Microsoft\Framework\.NETFramework\v4.7.2\Facades\System.Runtime.InteropServices.WindowsRuntime.dll" /reference:"C:\Program Files (x86)\Reference Assemblies\Microsoft\Framework\.NETFramework\v4.7.2\Facades\System.Runtime.Numerics.dll" /reference:"C:\Program Files (x86)\Reference Assemblies\Microsoft\Framework\.NETFramework\v4.7.2\Facades\System.Runtime.Serialization.Formatters.dll" /reference:"C:\Program Files (x86)\Reference Assemblies\Microsoft\Framework\.NETFramework\v4.7.2\Facades\System.Runtime.Serialization.Json.dll" /reference:"C:\Program Files (x86)\Reference Assemblies\Microsoft\Framework\.NETFramework\v4.7.2\Facades\System.Runtime.Serialization.Primitives.dll" /reference:"C:\Program Files (x86)\Reference Assemblies\Microsoft\Framework\.NETFramework\v4.7.2\Facades\System.Runtime.Serialization.Xml.dll" /reference:"C:\Program Files (x86)\Reference Assemblies\Microsoft\Framework\.NETFramework\v4.7.2\Facades\System.Security.Claims.dll" /reference:"C:\Program Files (x86)\Reference Assemblies\Microsoft\Framework\.NETFramework\v4.7.2\Facades\System.Security.Cryptography.Csp.dll" /reference:"C:\Program Files (x86)\Reference Assemblies\Microsoft\Framework\.NETFramework\v4.7.2\Facades\System.Security.Principal.dll" /reference:"C:\Program Files (x86)\Reference Assemblies\Microsoft\Framework\.NETFramework\v4.7.2\Facades\System.Security.SecureString.dll" /reference:"C:\Program Files (x86)\Reference Assemblies\Microsoft\Framework\.NETFramework\v4.7.2\Facades\System.ServiceModel.Duplex.dll" /reference:"C:\Program Files (x86)\Reference Assemblies\Microsoft\Framework\.NETFramework\v4.7.2\Facades\System.ServiceModel.Http.dll" /reference:"C:\Program Files (x86)\Reference Assemblies\Microsoft\Framework\.NETFramework\v4.7.2\Facades\System.ServiceModel.NetTcp.dll" /reference:"C:\Program Files (x86)\Reference Assemblies\Microsoft\Framework\.NETFramework\v4.7.2\Facades\System.ServiceModel.Primitives.dll" /reference:"C:\Program Files (x86)\Reference Assemblies\Microsoft\Framework\.NETFramework\v4.7.2\Facades\System.ServiceModel.Security.dll" /reference:"C:\Program Files (x86)\Reference Assemblies\Microsoft\Framework\.NETFramework\v4.7.2\Facades\System.Text.Encoding.dll" /reference:"C:\Program Files (x86)\Reference Assemblies\Microsoft\Framework\.NETFramework\v4.7.2\Facades\System.Text.Encoding.Extensions.dll" /reference:"C:\Program Files (x86)\Reference Assemblies\Microsoft\Framework\.NETFramework\v4.7.2\Facades\System.Threading.dll" /reference:"C:\Program Files (x86)\Reference Assemblies\Microsoft\Framework\.NETFramework\v4.7.2\Facades\System.Threading.Overlapped.dll" /reference:"C:\Program Files (x86)\Reference Assemblies\Microsoft\Framework\.NETFramework\v4.7.2\Facades\System.Threading.Tasks.dll" /reference:"C:\Program Files (x86)\Reference Assemblies\Microsoft\Framework\.NETFramework\v4.7.2\Facades\System.Threading.Tasks.Parallel.dll" /reference:"C:\Program Files (x86)\Reference Assemblies\Microsoft\Framework\.NETFramework\v4.7.2\Facades\System.Threading.Thread.dll" /reference:"C:\Program Files (x86)\Reference Assemblies\Microsoft\Framework\.NETFramework\v4.7.2\Facades\System.Threading.ThreadPool.dll" /reference:"C:\Program Files (x86)\Reference Assemblies\Microsoft\Framework\.NETFramework\v4.7.2\Facades\System.Threading.Timer.dll" /reference:"C:\Program Files (x86)\Reference Assemblies\Microsoft\Framework\.NETFramework\v4.7.2\Facades\System.Xml.XDocument.dll" /reference:"C:\Program Files (x86)\Reference Assemblies\Microsoft\Framework\.NETFramework\v4.7.2\Facades\System.Xml.XmlDocument.dll" /reference:"C:\Program Files (x86)\Reference Assemblies\Microsoft\Framework\.NETFramework\v4.7.2\Facades\System.Xml.XmlSerializer.dll" /reference:"C:\Program Files (x86)\Reference Assemblies\Microsoft\Framework\.NETFramework\v4.7.2\Facades\System.Xml.XPath.dll" /reference:"C:\Program Files (x86)\Reference Assemblies\Microsoft\Framework\.NETFramework\v4.7.2\Facades\System.Xml.XPath.XDocument.dll" /filealign:4096 /optimize+ /out:"C:\Users\FABIO~1.DAG\AppData\Local\Temp\Razor\Razor\Release\RazorEnhanced.exe" /subsystemversion:6.00 /resource:"C:\Users\FABIO~1.DAG\AppData\Local\Temp\Razor\Razor\Release\Assistant.Properties.Resources.resources" /resource:"C:\Users\FABIO~1.DAG\AppData\Local\Temp\Razor\Razor\Release\RazorEnhanced.UI.RE_MessageBox.resources" /resource:"C:\Users\FABIO~1.DAG\AppData\Local\Temp\Razor\Razor\Release\RazorEnhanced.UI.EnhancedAgentAddList.resources" /resource:"C:\Users\FABIO~1.DAG\AppData\Local\Temp\Razor\Razor\Release\RazorEnhanced.UI.EnhancedChangeLog.resources" /resource:"C:\Users\FABIO~1.DAG\AppData\Local\Temp\Razor\Razor\Release\RazorEnhanced.UI.EnhancedFriendAddGuildManual.resources" /resource:"C:\Users\FABIO~1.DAG\AppData\Local\Temp\Razor\Razor\Release\RazorEnhanced.UI.EnhancedObjectInspector.resources" /resource:"C:\Users\FABIO~1.DAG\AppData\Local\Temp\Razor\Razor\Release\RazorEnhanced.UI.EnhancedStaticInspector.resources" /resource:"C:\Users\FABIO~1.DAG\AppData\Local\Temp\Razor\Razor\Release\RazorEnhanced.UI.EnhancedProfileClone.resources" /resource:"C:\Users\FABIO~1.DAG\AppData\Local\Temp\Razor\Razor\Release\RazorEnhanced.UI.EnhancedProfileRename.resources" /resource:"C:\Users\FABIO~1.DAG\AppData\Local\Temp\Razor\Razor\Release\RazorEnhanced.UI.EnhancedProfileAdd.resources" /resource:"C:\Users\FABIO~1.DAG\AppData\Local\Temp\Razor\Razor\Release\RazorEnhanced.UI.EnhancedAutolootEditItemProps.resources" /resource:"C:\Users\FABIO~1.DAG\AppData\Local\Temp\Razor\Razor\Release\RazorEnhanced.UI.EnhancedFriendAddPlayerManual.resources" /resource:"C:\Users\FABIO~1.DAG\AppData\Local\Temp\Razor\Razor\Release\RazorEnhanced.UI.EnhancedDressAddUndressLayer.resources" /resource:"C:\Users\FABIO~1.DAG\AppData\Local\Temp\Razor\Razor\Release\RazorEnhanced.UI.EnhancedGumpInspector.resources" /resource:"C:\Users\FABIO~1.DAG\AppData\Local\Temp\Razor\Razor\Release\RazorEnhanced.UI.EnhancedLauncher.resources" /resource:"C:\Users\FABIO~1.DAG\AppData\Local\Temp\Razor\Razor\Release\RazorEnhanced.UI.EnhancedScavengerEditItemProps.resources" /resource:"C:\Users\FABIO~1.DAG\AppData\Local\Temp\Razor\Razor\Release\RazorEnhanced.UI.EnhancedItemInspector.resources" /resource:"C:\Users\FABIO~1.DAG\AppData\Local\Temp\Razor\Razor\Release\RazorEnhanced.UI.EnhancedMobileInspector.resources" /resource:"C:\Users\FABIO~1.DAG\AppData\Local\Temp\Razor\Razor\Release\Assistant.RazorEnhanced.UI.Strings.resources" /resource:"C:\Users\FABIO~1.DAG\AppData\Local\Temp\Razor\Razor\Release\RazorEnhanced.UI.EnhancedScriptEditor.resources" /resource:"C:\Users\FABIO~1.DAG\AppData\Local\Temp\Razor\Razor\Release\Assistant.HueEntry.resources" /resource:"C:\Users\FABIO~1.DAG\AppData\Local\Temp\Razor\Razor\Release\Assistant.MainForm.resources" /resource:"C:\Users\FABIO~1.DAG\AppData\Local\Temp\Razor\Razor\Release\Assistant.SplashScreen.resources" /resource:UI\App.ico,Assistant.UI.App.ico /target:winexe /utf8output /win32icon:razor-enhanced.ico /win32manifest:app.manifest /langversion:9.0 /analyzerconfig:c:\Users\fabio.dagostino\Desktop\RazorEnhanced-release-1.0\.editorconfig /analyzerconfig:c:\Users\fabio.dagostino\Desktop\RazorEnhanced-release-1.0\Razor\.editorconfig /analyzer:..\packages\Microsoft.CodeAnalysis.Analyzers.3.11.0\analyzers\dotnet\cs\Microsoft.CodeAnalysis.Analyzers.dll /analyzer:..\packages\Microsoft.CodeAnalysis.Analyzers.3.11.0\analyzers\dotnet\cs\Microsoft.CodeAnalysis.CSharp.Analyzers.dll Client\ClassicUO.cs Client\Client.cs Client\UOAssist.cs Core\ActionQueue.cs Core\BuffInfo.cs Enums\TargetFlags.cs GlobalSuppressions.cs Network\PacketLogger.cs Properties\Settings.Designer.cs RazorEnhanced\BuffInfo.cs RazorEnhanced\CircularBuffer.cs RazorEnhanced\Config.cs Core\SkillIcon.cs Core\DLLImport.cs Core\TitleBar.cs Core\VideoCapture.cs Core\Commands.cs Filters\Death.cs Filters\Filter.cs Filters\Light.cs Filters\MessageFilter.cs Filters\Season.cs Filters\SoundFilters.cs Filters\StaffNpcs.cs Filters\StaffItems.cs Filters\VetRewardGump.cs Filters\Weather.cs Core\Geometry.cs Network\Ping.cs Network\PacketTable.cs Network\UoMod.cs Network\UoWarper.cs Platform.cs RazorEnhanced\AutoDoc.cs RazorEnhanced\Constants.cs RazorEnhanced\CSharpEngine.cs RazorEnhanced\CUO.cs RazorEnhanced\EncodedSpeech.cs RazorEnhanced\EnhancedScript.cs RazorEnhanced\Macros\Actions\ArmDisarmAction.cs RazorEnhanced\Macros\Actions\AttackAction.cs RazorEnhanced\Macros\Actions\BandageAction.cs RazorEnhanced\Macros\Actions\CastSpellAction.cs RazorEnhanced\Macros\Actions\ClearJournalAction.cs RazorEnhanced\Macros\Actions\CommentAction.cs RazorEnhanced\Macros\Actions\DisconnectAction.cs RazorEnhanced\Macros\Actions\DoubleClickAction.cs RazorEnhanced\Macros\Actions\DropAction.cs RazorEnhanced\Macros\Actions\ElseAction.cs RazorEnhanced\Macros\Actions\ElseIfAction.cs RazorEnhanced\Macros\Actions\EndForAction.cs RazorEnhanced\Macros\Actions\EndIfAction.cs RazorEnhanced\Macros\Actions\EndWhileAction.cs RazorEnhanced\Macros\Actions\FlyAction.cs RazorEnhanced\Macros\Actions\ForAction.cs RazorEnhanced\Macros\Actions\GumpResponseAction.cs RazorEnhanced\Macros\Actions\IfAction.cs RazorEnhanced\Macros\Actions\InvokeVirtueAction.cs RazorEnhanced\Macros\Actions\MessagingAction.cs RazorEnhanced\Macros\Actions\MountAction.cs RazorEnhanced\Macros\Actions\MoveItemAction.cs RazorEnhanced\Macros\Actions\MovementAction.cs RazorEnhanced\Macros\Actions\PauseAction.cs RazorEnhanced\Macros\Actions\PickupAction.cs RazorEnhanced\Macros\Actions\PromptResponseAction.cs RazorEnhanced\Macros\Actions\QueryStringResponseAction.cs RazorEnhanced\Macros\Actions\RemoveAliasAction.cs RazorEnhanced\Macros\Actions\RenameMobileAction.cs RazorEnhanced\Macros\Actions\ResyncAction.cs RazorEnhanced\Macros\Actions\RunOrganizerOnceAction.cs RazorEnhanced\Macros\Actions\SetAbilityAction.cs RazorEnhanced\Macros\Actions\SetAliasAction.cs.cs RazorEnhanced\Macros\Actions\TargetAction.cs RazorEnhanced\Macros\Actions\TargetResource.cs RazorEnhanced\Macros\Actions\ToggleWarModeAction.cs RazorEnhanced\Macros\Actions\UseContextMenuAction.cs RazorEnhanced\Macros\Actions\UseEmoteAction.cs RazorEnhanced\Macros\Actions\UsePotionAction.cs RazorEnhanced\Macros\Actions\UseSkillAction.cs RazorEnhanced\Macros\Actions\WaitForGumpAction.cs RazorEnhanced\Macros\Actions\WaitForTargetAction.cs RazorEnhanced\Macros\Actions\WhileAction.cs RazorEnhanced\Macros\Macro.cs RazorEnhanced\Macros\MacroAction.cs RazorEnhanced\Macros\MacroActionFactory.cs RazorEnhanced\Macros\MacroManager.cs RazorEnhanced\PacketLogger.cs RazorEnhanced\Proto-Control\ProtoControl.cs RazorEnhanced\Proto-Control\ProtoControlGrpc.cs RazorEnhanced\Proto-Control\ProtoControlServer.cs RazorEnhanced\PythonEngine.cs RazorEnhanced\ScriptRecorder.cs RazorEnhanced\PathFinding.cs RazorEnhanced\Multi.cs RazorEnhanced\SeasonManager.cs RazorEnhanced\Skills.cs RazorEnhanced\Sound.cs RazorEnhanced\SpellGrid.cs RazorEnhanced\SyncPrimitives.cs RazorEnhanced\Timer.cs RazorEnhanced\Statics.cs RazorEnhanced\DragDropManager.cs RazorEnhanced\Profiles.cs RazorEnhanced\SpecialMoves.cs Core\Item.cs Core\TypeID.cs Core\Main.cs Core\Facet.cs Core\Mobile.cs Core\MsgQueue.cs Client\OSIClient.cs Network\Handlers.cs Network\Packet.cs Network\PacketHandler.cs Network\Packets.cs Core\ObjectPropertyList.cs Core\PasswordMemory.cs Core\Player.cs Properties\Resources.Designer.cs Core\ScreenCapture.cs Core\Serial.cs Core\Spells.cs Core\StealthSteps.cs Core\Targeting.cs Core\Timer.cs RazorEnhanced\HotKey.cs RazorEnhanced\DPSMeter.cs RazorEnhanced\ToolBar.cs RazorEnhanced\BandageHeal.cs RazorEnhanced\Restock.cs RazorEnhanced\Filters.cs RazorEnhanced\JsonData.cs RazorEnhanced\Target.cs RazorEnhanced\Journal.cs RazorEnhanced\AutoLoot.cs RazorEnhanced\Dress.cs RazorEnhanced\GumpInspector.cs RazorEnhanced\Gumps.cs RazorEnhanced\Shards.cs RazorEnhanced\Trade.cs RazorEnhanced\UI\RE_MessageBox.cs RazorEnhanced\UI\RE_MessageBox.Designer.cs RazorEnhanced\UI\EnhancedAgentAddList.cs RazorEnhanced\UI\EnhancedAgentAddList.Designer.cs RazorEnhanced\UI\EnhancedChangeLog.cs RazorEnhanced\UI\EnhancedChangeLog.Designer.cs RazorEnhanced\UI\EnhancedFriendAddGuildManual.cs RazorEnhanced\UI\EnhancedFriendAddGuildManual.Designer.cs RazorEnhanced\UI\EnhancedObjectInspector.cs RazorEnhanced\UI\EnhancedObjectInspector.Designer.cs RazorEnhanced\UI\EnhancedStaticInspector.cs RazorEnhanced\UI\EnhancedStaticInspector.Designer.cs RazorEnhanced\UI\EnhancedProfileClone.cs RazorEnhanced\UI\EnhancedProfileClone.Designer.cs RazorEnhanced\UI\EnhancedProfileRename.cs RazorEnhanced\UI\EnhancedProfileRename.Designer.cs RazorEnhanced\UI\EnhancedProfileAdd.cs RazorEnhanced\UI\EnhancedProfileAdd.Designer.cs RazorEnhanced\UI\EnhancedAutolootEditItemProps.cs RazorEnhanced\UI\EnhancedAutolootEditItemProps.Designer.cs RazorEnhanced\UI\EnhancedFriendAddPlayerManual.cs RazorEnhanced\UI\EnhancedFriendAddPlayerManual.Designer.cs RazorEnhanced\UI\EnhancedDressAddUndressLayer.cs RazorEnhanced\UI\EnhancedDressAddUndressLayer.Designer.cs RazorEnhanced\UI\EnhancedGumpInspector.cs RazorEnhanced\UI\EnhancedGumpInspector.Designer.cs RazorEnhanced\UI\EnhancedLauncher.cs RazorEnhanced\UI\EnhancedLauncher.Designer.cs RazorEnhanced\UI\LanguageHelper.cs RazorEnhanced\Friend.cs RazorEnhanced\UI\RazorFastColoredTextBox.cs RazorEnhanced\UI\RazorFastColoredTextBox.Designer.cs RazorEnhanced\UI\ScriptListView.cs RazorEnhanced\UOSteamEngine.cs RazorEnhanced\Vendor.cs RazorEnhanced\Organizer.cs RazorEnhanced\Scavenger.cs RazorEnhanced\Geometry.cs RazorEnhanced\Item.cs Core\Buffs.cs RazorEnhanced\Misc.cs RazorEnhanced\Scripts.cs RazorEnhanced\Settings.cs RazorEnhanced\Spells.cs RazorEnhanced\Player.cs RazorEnhanced\UI\EnhancedScavengerEditItemProps.cs RazorEnhanced\UI\EnhancedScavengerEditItemProps.Designer.cs RazorEnhanced\UI\EnhancedItemInspector.cs RazorEnhanced\UI\EnhancedItemInspector.Designer.cs RazorEnhanced\UI\EnhancedMobileInspector.cs RazorEnhanced\UI\EnhancedMobileInspector.Designer.cs RazorEnhanced\UI\EnhancedScriptEditor.cs RazorEnhanced\UI\EnhancedScriptEditor.Designer.cs RazorEnhanced\Mobile.cs RazorEnhanced\Property.cs Properties\AssemblyInfo.cs UI\Agent\AutoLoot.cs UI\Agent\BandageHeal.cs UI\Agent\Dress.cs UI\Agent\Common.cs UI\Agent\DPSMeter.cs UI\Ext.cs UI\Filter\EN-Filters.cs UI\Agent\Friends.cs UI\Filter\Filters.cs UI\MacrosUI.cs UI\Other\Hotkey.cs UI\Controls\RazorTheme.cs UI\Controls\RazorToggle.cs UI\Controls\RazorButton.cs UI\Controls\RazorCard.cs UI\Controls\RazorSidebar.cs UI\Controls\RazorTextBox.cs UI\Controls\RazorComboBox.cs UI\HueEntry.cs UI\Languages.cs UI\Agent\Organizer.cs UI\Other\Profile.cs UI\Razor.cs UI\Agent\Restock.cs UI\Agent\Scavenger.cs UI\Grids-Bars\SpellGrid.cs UI\Other\Script.cs UI\Other\Skills.cs UI\Other\Target.cs UI\Video-Screen\ScreenShot.cs UI\SplashScreen.cs Core\UOEntity.cs Core\Utility.cs Core\World.cs Core\ZLib.cs UI\Grids-Bars\Toolbar.cs UI\Agent\VendorBuy.cs UI\Agent\VendorSell.cs UI\Video-Screen\VideoRecorder.cs "obj\x86\Release\.NETFramework,Version=v4.7.2.AssemblyAttributes.cs"'
  Attempt to open named pipe '1ldQUfdrP0htYhYiOlguNVBdLEpFVoNtB57ZVj6kcY4'
  Attempt to connect named pipe '1ldQUfdrP0htYhYiOlguNVBdLEpFVoNtB57ZVj6kcY4'
  Named pipe '1ldQUfdrP0htYhYiOlguNVBdLEpFVoNtB57ZVj6kcY4' connected
  Begin writing request for Razor
  End writing request for Razor
  Begin reading response for Razor
  End reading response for Razor
c:\Users\fabio.dagostino\Desktop\RazorEnhanced-release-1.0\Razor\RazorEnhanced\Macros\Actions\MessagingAction.cs(4,7): error CS0246: Il nome di tipo o di spazio dei nomi 'Ultima' non ├¿ stato trovato. Probabilmente manca una direttiva using o un riferimento all'assembly. [c:\Users\fabio.dagostino\Desktop\RazorEnhanced-release-1.0\Razor\Razor.csproj]
c:\Users\fabio.dagostino\Desktop\RazorEnhanced-release-1.0\Razor\RazorEnhanced\PathFinding.cs(5,7): error CS0246: Il nome di tipo o di spazio dei nomi 'Ultima' non ├¿ stato trovato. Probabilmente manca una direttiva using o un riferimento all'assembly. [c:\Users\fabio.dagostino\Desktop\RazorEnhanced-release-1.0\Razor\Razor.csproj]
c:\Users\fabio.dagostino\Desktop\RazorEnhanced-release-1.0\Razor\RazorEnhanced\Statics.cs(3,7): error CS0246: Il nome di tipo o di spazio dei nomi 'Ultima' non ├¿ stato trovato. Probabilmente manca una direttiva using o un riferimento all'assembly. [c:\Users\fabio.dagostino\Desktop\RazorEnhanced-release-1.0\Razor\Razor.csproj]
c:\Users\fabio.dagostino\Desktop\RazorEnhanced-release-1.0\Razor\Core\Facet.cs(2,7): error CS0246: Il nome di tipo o di spazio dei nomi 'Ultima' non ├¿ stato trovato. Probabilmente manca una direttiva using o un riferimento all'assembly. [c:\Users\fabio.dagostino\Desktop\RazorEnhanced-release-1.0\Razor\Razor.csproj]
c:\Users\fabio.dagostino\Desktop\RazorEnhanced-release-1.0\Razor\Network\Handlers.cs(7,7): error CS0246: Il nome di tipo o di spazio dei nomi 'Ultima' non ├¿ stato trovato. Probabilmente manca una direttiva using o un riferimento all'assembly. [c:\Users\fabio.dagostino\Desktop\RazorEnhanced-release-1.0\Razor\Razor.csproj]
c:\Users\fabio.dagostino\Desktop\RazorEnhanced-release-1.0\Razor\RazorEnhanced\UI\EnhancedStaticInspector.cs(7,7): error CS0246: Il nome di tipo o di spazio dei nomi 'Ultima' non ├¿ stato trovato. Probabilmente manca una direttiva using o un riferimento all'assembly. [c:\Users\fabio.dagostino\Desktop\RazorEnhanced-release-1.0\Razor\Razor.csproj]
c:\Users\fabio.dagostino\Desktop\RazorEnhanced-release-1.0\Razor\RazorEnhanced\Spells.cs(7,7): warning CS0105: La direttiva using per 'Newtonsoft.Json' ├¿ gi├á presente in questo spazio dei nomi [c:\Users\fabio.dagostino\Desktop\RazorEnhanced-release-1.0\Razor\Razor.csproj]
c:\Users\fabio.dagostino\Desktop\RazorEnhanced-release-1.0\Razor\UI\Languages.cs(10,7): error CS0246: Il nome di tipo o di spazio dei nomi 'Ultima' non ├¿ stato trovato. Probabilmente manca una direttiva using o un riferimento all'assembly. [c:\Users\fabio.dagostino\Desktop\RazorEnhanced-release-1.0\Razor\Razor.csproj]
c:\Users\fabio.dagostino\Desktop\RazorEnhanced-release-1.0\Razor\Core\Facet.cs(12,25): error CS0246: Il nome di tipo o di spazio dei nomi 'Ultima' non ├¿ stato trovato. Probabilmente manca una direttiva using o un riferimento all'assembly. [c:\Users\fabio.dagostino\Desktop\RazorEnhanced-release-1.0\Razor\Razor.csproj]
c:\Users\fabio.dagostino\Desktop\RazorEnhanced-release-1.0\Razor\Core\Facet.cs(53,25): error CS0246: Il nome di tipo o di spazio dei nomi 'HuedTile' non ├¿ stato trovato. Probabilmente manca una direttiva using o un riferimento all'assembly. [c:\Users\fabio.dagostino\Desktop\RazorEnhanced-release-1.0\Razor\Razor.csproj]
c:\Users\fabio.dagostino\Desktop\RazorEnhanced-release-1.0\Razor\Core\Facet.cs(76,41): error CS0246: Il nome di tipo o di spazio dei nomi 'Ultima' non ├¿ stato trovato. Probabilmente manca una direttiva using o un riferimento all'assembly. [c:\Users\fabio.dagostino\Desktop\RazorEnhanced-release-1.0\Razor\Razor.csproj]
c:\Users\fabio.dagostino\Desktop\RazorEnhanced-release-1.0\Razor\Client\ClassicUO.cs(435,22): warning CS0114: 'ClassicUOClient.OnDisconnected()' nasconde il membro ereditato 'Client.OnDisconnected()'. Per consentire al membro corrente di eseguire l'override di tale implementazione, aggiungere la parola chiave override; altrimenti aggiungere la parola chiave new. [c:\Users\fabio.dagostino\Desktop\RazorEnhanced-release-1.0\Razor\Razor.csproj]
c:\Users\fabio.dagostino\Desktop\RazorEnhanced-release-1.0\Razor\Client\ClassicUO.cs(440,22): warning CS0114: 'ClassicUOClient.OnConnected()' nasconde il membro ereditato 'Client.OnConnected()'. Per consentire al membro corrente di eseguire l'override di tale implementazione, aggiungere la parola chiave override; altrimenti aggiungere la parola chiave new. [c:\Users\fabio.dagostino\Desktop\RazorEnhanced-release-1.0\Razor\Razor.csproj]
c:\Users\fabio.dagostino\Desktop\RazorEnhanced-release-1.0\Razor\RazorEnhanced\PathFinding.cs(125,41): error CS0246: Il nome di tipo o di spazio dei nomi 'Ultima' non ├¿ stato trovato. Probabilmente manca una direttiva using o un riferimento all'assembly. [c:\Users\fabio.dagostino\Desktop\RazorEnhanced-release-1.0\Razor\Razor.csproj]
c:\Users\fabio.dagostino\Desktop\RazorEnhanced-release-1.0\Razor\RazorEnhanced\PathFinding.cs(187,66): error CS0246: Il nome di tipo o di spazio dei nomi 'Map' non ├¿ stato trovato. Probabilmente manca una direttiva using o un riferimento all'assembly. [c:\Users\fabio.dagostino\Desktop\RazorEnhanced-release-1.0\Razor\Razor.csproj]
c:\Users\fabio.dagostino\Desktop\RazorEnhanced-release-1.0\Razor\RazorEnhanced\PathFinding.cs(272,35): error CS0246: Il nome di tipo o di spazio dei nomi 'Map' non ├¿ stato trovato. Probabilmente manca una direttiva using o un riferimento all'assembly. [c:\Users\fabio.dagostino\Desktop\RazorEnhanced-release-1.0\Razor\Razor.csproj]
c:\Users\fabio.dagostino\Desktop\RazorEnhanced-release-1.0\Razor\RazorEnhanced\PathFinding.cs(558,52): error CS0246: Il nome di tipo o di spazio dei nomi 'Map' non ├¿ stato trovato. Probabilmente manca una direttiva using o un riferimento all'assembly. [c:\Users\fabio.dagostino\Desktop\RazorEnhanced-release-1.0\Razor\Razor.csproj]
c:\Users\fabio.dagostino\Desktop\RazorEnhanced-release-1.0\Razor\RazorEnhanced\PathFinding.cs(662,41): error CS0246: Il nome di tipo o di spazio dei nomi 'Map' non ├¿ stato trovato. Probabilmente manca una direttiva using o un riferimento all'assembly. [c:\Users\fabio.dagostino\Desktop\RazorEnhanced-release-1.0\Razor\Razor.csproj]
c:\Users\fabio.dagostino\Desktop\RazorEnhanced-release-1.0\Razor\RazorEnhanced\PathFinding.cs(137,23): error CS0246: Il nome di tipo o di spazio dei nomi 'TileFlag' non ├¿ stato trovato. Probabilmente manca una direttiva using o un riferimento all'assembly. [c:\Users\fabio.dagostino\Desktop\RazorEnhanced-release-1.0\Razor\Razor.csproj]
c:\Users\fabio.dagostino\Desktop\RazorEnhanced-release-1.0\Razor\Core\TypeID.cs(46,18): error CS0246: Il nome di tipo o di spazio dei nomi 'Ultima' non ├¿ stato trovato. Probabilmente manca una direttiva using o un riferimento all'assembly. [c:\Users\fabio.dagostino\Desktop\RazorEnhanced-release-1.0\Razor\Razor.csproj]
c:\Users\fabio.dagostino\Desktop\RazorEnhanced-release-1.0\Razor\RazorEnhanced\Item.cs(30,20): warning CS0108: 'Item.Serial' nasconde il membro ereditato 'UOEntity.Serial'. Se questo comportamento ├¿ intenzionale, usare la parola chiave new. [c:\Users\fabio.dagostino\Desktop\RazorEnhanced-release-1.0\Razor\Razor.csproj]
c:\Users\fabio.dagostino\Desktop\RazorEnhanced-release-1.0\Razor\RazorEnhanced\Item.cs(31,23): warning CS0114: 'Item.Hue' nasconde il membro ereditato 'UOEntity.Hue'. Per consentire al membro corrente di eseguire l'override di tale implementazione, aggiungere la parola chiave override; altrimenti aggiungere la parola chiave new. [c:\Users\fabio.dagostino\Desktop\RazorEnhanced-release-1.0\Razor\Razor.csproj]
c:\Users\fabio.dagostino\Desktop\RazorEnhanced-release-1.0\Razor\RazorEnhanced\Statics.cs(162,23): error CS0246: Il nome di tipo o di spazio dei nomi 'ItemData' non ├¿ stato trovato. Probabilmente manca una direttiva using o un riferimento all'assembly. [c:\Users\fabio.dagostino\Desktop\RazorEnhanced-release-1.0\Razor\Razor.csproj]
c:\Users\fabio.dagostino\Desktop\RazorEnhanced-release-1.0\Razor\UI\Languages.cs(585,23): error CS0246: Il nome di tipo o di spazio dei nomi 'Ultima' non ├¿ stato trovato. Probabilmente manca una direttiva using o un riferimento all'assembly. [c:\Users\fabio.dagostino\Desktop\RazorEnhanced-release-1.0\Razor\Razor.csproj]
c:\Users\fabio.dagostino\Desktop\RazorEnhanced-release-1.0\Razor\UI\Languages.cs(564,24): error CS0246: Il nome di tipo o di spazio dei nomi 'Ultima' non ├¿ stato trovato. Probabilmente manca una direttiva using o un riferimento all'assembly. [c:\Users\fabio.dagostino\Desktop\RazorEnhanced-release-1.0\Razor\Razor.csproj]
c:\Users\fabio.dagostino\Desktop\RazorEnhanced-release-1.0\Razor\RazorEnhanced\Mobile.cs(33,20): warning CS0108: 'Mobile.Serial' nasconde il membro ereditato 'UOEntity.Serial'. Se questo comportamento ├¿ intenzionale, usare la parola chiave new. [c:\Users\fabio.dagostino\Desktop\RazorEnhanced-release-1.0\Razor\Razor.csproj]
c:\Users\fabio.dagostino\Desktop\RazorEnhanced-release-1.0\Razor\RazorEnhanced\Mobile.cs(67,23): warning CS0108: 'Mobile.Body' nasconde il membro ereditato 'UOEntity.Body'. Se questo comportamento ├¿ intenzionale, usare la parola chiave new. [c:\Users\fabio.dagostino\Desktop\RazorEnhanced-release-1.0\Razor\Razor.csproj]
c:\Users\fabio.dagostino\Desktop\RazorEnhanced-release-1.0\Razor\RazorEnhanced\Mobile.cs(89,23): warning CS0114: 'Mobile.Hue' nasconde il membro ereditato 'UOEntity.Hue'. Per consentire al membro corrente di eseguire l'override di tale implementazione, aggiungere la parola chiave override; altrimenti aggiungere la parola chiave new. [c:\Users\fabio.dagostino\Desktop\RazorEnhanced-release-1.0\Razor\Razor.csproj]
c:\Users\fabio.dagostino\Desktop\RazorEnhanced-release-1.0\Razor\RazorEnhanced\PathFinding.cs(137,52): error CS0103: Il nome 'TileFlag' non esiste nel contesto corrente [c:\Users\fabio.dagostino\Desktop\RazorEnhanced-release-1.0\Razor\Razor.csproj]
c:\Users\fabio.dagostino\Desktop\RazorEnhanced-release-1.0\Razor\RazorEnhanced\PathFinding.cs(137,74): error CS0103: Il nome 'TileFlag' non esiste nel contesto corrente [c:\Users\fabio.dagostino\Desktop\RazorEnhanced-release-1.0\Razor\Razor.csproj]
  CompilerServer: server - server processed compilation - Razor
Done Building Project "c:\Users\fabio.dagostino\Desktop\RazorEnhanced-release-1.0\Razor\Razor.csproj" (default targets) -- FAILED.
Done Building Project "c:\Users\fabio.dagostino\Desktop\RazorEnhanced-release-1.0\Razor\Razor.csproj.metaproj" (default targets) -- FAILED.
Done Building Project "c:\Users\fabio.dagostino\Desktop\RazorEnhanced-release-1.0\Razor.sln" (Build target(s)) -- FAILED.

Build FAILED.

"c:\Users\fabio.dagostino\Desktop\RazorEnhanced-release-1.0\Razor.sln" (Build target) (1) ->
"c:\Users\fabio.dagostino\Desktop\RazorEnhanced-release-1.0\Razor\Razor.csproj.metaproj" (default target) (2) ->
"c:\Users\fabio.dagostino\Desktop\RazorEnhanced-release-1.0\Loader\Loader.vcxproj" (default target) (3) ->
(PrepareForBuild target) -> 
  C:\Program Files\Microsoft Visual Studio\18\Professional\MSBuild\Microsoft\VC\v180\Microsoft.CppBuild.targets(558,5): warning MSB8029: The Intermediate directory or Output directory cannot reside under the Temporary directory as it could lead to issues with incremental build. [c:\Users\fabio.dagostino\Desktop\RazorEnhanced-release-1.0\Loader\Loader.vcxproj]


"c:\Users\fabio.dagostino\Desktop\RazorEnhanced-release-1.0\Razor.sln" (Build target) (1) ->
"c:\Users\fabio.dagostino\Desktop\RazorEnhanced-release-1.0\Razor\Razor.csproj.metaproj" (default target) (2) ->
"c:\Users\fabio.dagostino\Desktop\RazorEnhanced-release-1.0\Razor\Razor.csproj" (default target) (4) ->
(ResolveAssemblyReferences target) -> 
  C:\Program Files\Microsoft Visual Studio\18\Professional\MSBuild\Current\Bin\Microsoft.Common.CurrentVersion.targets(2437,5): warning MSB3270: There was a mismatch between the processor architecture of the project being built "x86" and the processor architecture of the reference "cuoapi, Version=1.3.0.0, Culture=neutral, processorArchitecture=AMD64", "AMD64". This mismatch may cause runtime failures. Please consider changing the targeted processor architecture of your project through the Configuration Manager so as to align the processor architectures between your project and references, or take a dependency on references with a processor architecture that matches the targeted processor architecture of your project. [c:\Users\fabio.dagostino\Desktop\RazorEnhanced-release-1.0\Razor\Razor.csproj]


"c:\Users\fabio.dagostino\Desktop\RazorEnhanced-release-1.0\Razor.sln" (Build target) (1) ->
"c:\Users\fabio.dagostino\Desktop\RazorEnhanced-release-1.0\Razor\Razor.csproj.metaproj" (default target) (2) ->
"c:\Users\fabio.dagostino\Desktop\RazorEnhanced-release-1.0\Razor\Razor.csproj" (default target) (4) ->
(CoreCompile target) -> 
  c:\Users\fabio.dagostino\Desktop\RazorEnhanced-release-1.0\Razor\RazorEnhanced\Spells.cs(7,7): warning CS0105: La direttiva using per 'Newtonsoft.Json' ├¿ gi├á presente in questo spazio dei nomi [c:\Users\fabio.dagostino\Desktop\RazorEnhanced-release-1.0\Razor\Razor.csproj]
  c:\Users\fabio.dagostino\Desktop\RazorEnhanced-release-1.0\Razor\Client\ClassicUO.cs(435,22): warning CS0114: 'ClassicUOClient.OnDisconnected()' nasconde il membro ereditato 'Client.OnDisconnected()'. Per consentire al membro corrente di eseguire l'override di tale implementazione, aggiungere la parola chiave override; altrimenti aggiungere la parola chiave new. [c:\Users\fabio.dagostino\Desktop\RazorEnhanced-release-1.0\Razor\Razor.csproj]
  c:\Users\fabio.dagostino\Desktop\RazorEnhanced-release-1.0\Razor\Client\ClassicUO.cs(440,22): warning CS0114: 'ClassicUOClient.OnConnected()' nasconde il membro ereditato 'Client.OnConnected()'. Per consentire al membro corrente di eseguire l'override di tale implementazione, aggiungere la parola chiave override; altrimenti aggiungere la parola chiave new. [c:\Users\fabio.dagostino\Desktop\RazorEnhanced-release-1.0\Razor\Razor.csproj]
  c:\Users\fabio.dagostino\Desktop\RazorEnhanced-release-1.0\Razor\RazorEnhanced\Item.cs(30,20): warning CS0108: 'Item.Serial' nasconde il membro ereditato 'UOEntity.Serial'. Se questo comportamento ├¿ intenzionale, usare la parola chiave new. [c:\Users\fabio.dagostino\Desktop\RazorEnhanced-release-1.0\Razor\Razor.csproj]
  c:\Users\fabio.dagostino\Desktop\RazorEnhanced-release-1.0\Razor\RazorEnhanced\Item.cs(31,23): warning CS0114: 'Item.Hue' nasconde il membro ereditato 'UOEntity.Hue'. Per consentire al membro corrente di eseguire l'override di tale implementazione, aggiungere la parola chiave override; altrimenti aggiungere la parola chiave new. [c:\Users\fabio.dagostino\Desktop\RazorEnhanced-release-1.0\Razor\Razor.csproj]
  c:\Users\fabio.dagostino\Desktop\RazorEnhanced-release-1.0\Razor\RazorEnhanced\Mobile.cs(33,20): warning CS0108: 'Mobile.Serial' nasconde il membro ereditato 'UOEntity.Serial'. Se questo comportamento ├¿ intenzionale, usare la parola chiave new. [c:\Users\fabio.dagostino\Desktop\RazorEnhanced-release-1.0\Razor\Razor.csproj]
  c:\Users\fabio.dagostino\Desktop\RazorEnhanced-release-1.0\Razor\RazorEnhanced\Mobile.cs(67,23): warning CS0108: 'Mobile.Body' nasconde il membro ereditato 'UOEntity.Body'. Se questo comportamento ├¿ intenzionale, usare la parola chiave new. [c:\Users\fabio.dagostino\Desktop\RazorEnhanced-release-1.0\Razor\Razor.csproj]
  c:\Users\fabio.dagostino\Desktop\RazorEnhanced-release-1.0\Razor\RazorEnhanced\Mobile.cs(89,23): warning CS0114: 'Mobile.Hue' nasconde il membro ereditato 'UOEntity.Hue'. Per consentire al membro corrente di eseguire l'override di tale implementazione, aggiungere la parola chiave override; altrimenti aggiungere la parola chiave new. [c:\Users\fabio.dagostino\Desktop\RazorEnhanced-release-1.0\Razor\Razor.csproj]


"c:\Users\fabio.dagostino\Desktop\RazorEnhanced-release-1.0\Razor.sln" (Build target) (1) ->
"c:\Users\fabio.dagostino\Desktop\RazorEnhanced-release-1.0\Razor\Razor.csproj.metaproj" (default target) (2) ->
"c:\Users\fabio.dagostino\Desktop\RazorEnhanced-release-1.0\Razor\Razor.csproj" (default target) (4) ->
(CoreCompile target) -> 
  c:\Users\fabio.dagostino\Desktop\RazorEnhanced-release-1.0\Razor\RazorEnhanced\Macros\Actions\MessagingAction.cs(4,7): error CS0246: Il nome di tipo o di spazio dei nomi 'Ultima' non ├¿ stato trovato. Probabilmente manca una direttiva using o un riferimento all'assembly. [c:\Users\fabio.dagostino\Desktop\RazorEnhanced-release-1.0\Razor\Razor.csproj]
  c:\Users\fabio.dagostino\Desktop\RazorEnhanced-release-1.0\Razor\RazorEnhanced\PathFinding.cs(5,7): error CS0246: Il nome di tipo o di spazio dei nomi 'Ultima' non ├¿ stato trovato. Probabilmente manca una direttiva using o un riferimento all'assembly. [c:\Users\fabio.dagostino\Desktop\RazorEnhanced-release-1.0\Razor\Razor.csproj]
  c:\Users\fabio.dagostino\Desktop\RazorEnhanced-release-1.0\Razor\RazorEnhanced\Statics.cs(3,7): error CS0246: Il nome di tipo o di spazio dei nomi 'Ultima' non ├¿ stato trovato. Probabilmente manca una direttiva using o un riferimento all'assembly. [c:\Users\fabio.dagostino\Desktop\RazorEnhanced-release-1.0\Razor\Razor.csproj]
  c:\Users\fabio.dagostino\Desktop\RazorEnhanced-release-1.0\Razor\Core\Facet.cs(2,7): error CS0246: Il nome di tipo o di spazio dei nomi 'Ultima' non ├¿ stato trovato. Probabilmente manca una direttiva using o un riferimento all'assembly. [c:\Users\fabio.dagostino\Desktop\RazorEnhanced-release-1.0\Razor\Razor.csproj]
  c:\Users\fabio.dagostino\Desktop\RazorEnhanced-release-1.0\Razor\Network\Handlers.cs(7,7): error CS0246: Il nome di tipo o di spazio dei nomi 'Ultima' non ├¿ stato trovato. Probabilmente manca una direttiva using o un riferimento all'assembly. [c:\Users\fabio.dagostino\Desktop\RazorEnhanced-release-1.0\Razor\Razor.csproj]
  c:\Users\fabio.dagostino\Desktop\RazorEnhanced-release-1.0\Razor\RazorEnhanced\UI\EnhancedStaticInspector.cs(7,7): error CS0246: Il nome di tipo o di spazio dei nomi 'Ultima' non ├¿ stato trovato. Probabilmente manca una direttiva using o un riferimento all'assembly. [c:\Users\fabio.dagostino\Desktop\RazorEnhanced-release-1.0\Razor\Razor.csproj]
  c:\Users\fabio.dagostino\Desktop\RazorEnhanced-release-1.0\Razor\UI\Languages.cs(10,7): error CS0246: Il nome di tipo o di spazio dei nomi 'Ultima' non ├¿ stato trovato. Probabilmente manca una direttiva using o un riferimento all'assembly. [c:\Users\fabio.dagostino\Desktop\RazorEnhanced-release-1.0\Razor\Razor.csproj]
  c:\Users\fabio.dagostino\Desktop\RazorEnhanced-release-1.0\Razor\Core\Facet.cs(12,25): error CS0246: Il nome di tipo o di spazio dei nomi 'Ultima' non ├¿ stato trovato. Probabilmente manca una direttiva using o un riferimento all'assembly. [c:\Users\fabio.dagostino\Desktop\RazorEnhanced-release-1.0\Razor\Razor.csproj]
  c:\Users\fabio.dagostino\Desktop\RazorEnhanced-release-1.0\Razor\Core\Facet.cs(53,25): error CS0246: Il nome di tipo o di spazio dei nomi 'HuedTile' non ├¿ stato trovato. Probabilmente manca una direttiva using o un riferimento all'assembly. [c:\Users\fabio.dagostino\Desktop\RazorEnhanced-release-1.0\Razor\Razor.csproj]
  c:\Users\fabio.dagostino\Desktop\RazorEnhanced-release-1.0\Razor\Core\Facet.cs(76,41): error CS0246: Il nome di tipo o di spazio dei nomi 'Ultima' non ├¿ stato trovato. Probabilmente manca una direttiva using o un riferimento all'assembly. [c:\Users\fabio.dagostino\Desktop\RazorEnhanced-release-1.0\Razor\Razor.csproj]
  c:\Users\fabio.dagostino\Desktop\RazorEnhanced-release-1.0\Razor\RazorEnhanced\PathFinding.cs(125,41): error CS0246: Il nome di tipo o di spazio dei nomi 'Ultima' non ├¿ stato trovato. Probabilmente manca una direttiva using o un riferimento all'assembly. [c:\Users\fabio.dagostino\Desktop\RazorEnhanced-release-1.0\Razor\Razor.csproj]
  c:\Users\fabio.dagostino\Desktop\RazorEnhanced-release-1.0\Razor\RazorEnhanced\PathFinding.cs(187,66): error CS0246: Il nome di tipo o di spazio dei nomi 'Map' non ├¿ stato trovato. Probabilmente manca una direttiva using o un riferimento all'assembly. [c:\Users\fabio.dagostino\Desktop\RazorEnhanced-release-1.0\Razor\Razor.csproj]
  c:\Users\fabio.dagostino\Desktop\RazorEnhanced-release-1.0\Razor\RazorEnhanced\PathFinding.cs(272,35): error CS0246: Il nome di tipo o di spazio dei nomi 'Map' non ├¿ stato trovato. Probabilmente manca una direttiva using o un riferimento all'assembly. [c:\Users\fabio.dagostino\Desktop\RazorEnhanced-release-1.0\Razor\Razor.csproj]
  c:\Users\fabio.dagostino\Desktop\RazorEnhanced-release-1.0\Razor\RazorEnhanced\PathFinding.cs(558,52): error CS0246: Il nome di tipo o di spazio dei nomi 'Map' non ├¿ stato trovato. Probabilmente manca una direttiva using o un riferimento all'assembly. [c:\Users\fabio.dagostino\Desktop\RazorEnhanced-release-1.0\Razor\Razor.csproj]
  c:\Users\fabio.dagostino\Desktop\RazorEnhanced-release-1.0\Razor\RazorEnhanced\PathFinding.cs(662,41): error CS0246: Il nome di tipo o di spazio dei nomi 'Map' non ├¿ stato trovato. Probabilmente manca una direttiva using o un riferimento all'assembly. [c:\Users\fabio.dagostino\Desktop\RazorEnhanced-release-1.0\Razor\Razor.csproj]
  c:\Users\fabio.dagostino\Desktop\RazorEnhanced-release-1.0\Razor\RazorEnhanced\PathFinding.cs(137,23): error CS0246: Il nome di tipo o di spazio dei nomi 'TileFlag' non ├¿ stato trovato. Probabilmente manca una direttiva using o un riferimento all'assembly. [c:\Users\fabio.dagostino\Desktop\RazorEnhanced-release-1.0\Razor\Razor.csproj]
  c:\Users\fabio.dagostino\Desktop\RazorEnhanced-release-1.0\Razor\Core\TypeID.cs(46,18): error CS0246: Il nome di tipo o di spazio dei nomi 'Ultima' non ├¿ stato trovato. Probabilmente manca una direttiva using o un riferimento all'assembly. [c:\Users\fabio.dagostino\Desktop\RazorEnhanced-release-1.0\Razor\Razor.csproj]
  c:\Users\fabio.dagostino\Desktop\RazorEnhanced-release-1.0\Razor\RazorEnhanced\Statics.cs(162,23): error CS0246: Il nome di tipo o di spazio dei nomi 'ItemData' non ├¿ stato trovato. Probabilmente manca una direttiva using o un riferimento all'assembly. [c:\Users\fabio.dagostino\Desktop\RazorEnhanced-release-1.0\Razor\Razor.csproj]
  c:\Users\fabio.dagostino\Desktop\RazorEnhanced-release-1.0\Razor\UI\Languages.cs(585,23): error CS0246: Il nome di tipo o di spazio dei nomi 'Ultima' non ├¿ stato trovato. Probabilmente manca una direttiva using o un riferimento all'assembly. [c:\Users\fabio.dagostino\Desktop\RazorEnhanced-release-1.0\Razor\Razor.csproj]
  c:\Users\fabio.dagostino\Desktop\RazorEnhanced-release-1.0\Razor\UI\Languages.cs(564,24): error CS0246: Il nome di tipo o di spazio dei nomi 'Ultima' non ├¿ stato trovato. Probabilmente manca una direttiva using o un riferimento all'assembly. [c:\Users\fabio.dagostino\Desktop\RazorEnhanced-release-1.0\Razor\Razor.csproj]
  c:\Users\fabio.dagostino\Desktop\RazorEnhanced-release-1.0\Razor\RazorEnhanced\PathFinding.cs(137,52): error CS0103: Il nome 'TileFlag' non esiste nel contesto corrente [c:\Users\fabio.dagostino\Desktop\RazorEnhanced-release-1.0\Razor\Razor.csproj]
  c:\Users\fabio.dagostino\Desktop\RazorEnhanced-release-1.0\Razor\RazorEnhanced\PathFinding.cs(137,74): error CS0103: Il nome 'TileFlag' non esiste nel contesto corrente [c:\Users\fabio.dagostino\Desktop\RazorEnhanced-release-1.0\Razor\Razor.csproj]

    10 Warning(s)
    22 Error(s)

Time Elapsed 00:00:12.16
